Component: ARM Compiler 5.06 update 7 (build 960) Tool: armlink [4d3601]

==============================================================================

Section Cross References

    startup_stm32f427xx.o(STACK) refers (Special) to heapauxi.o(.text) for __use_two_region_memory
    startup_stm32f427xx.o(HEAP) refers (Special) to heapauxi.o(.text) for __use_two_region_memory
    startup_stm32f427xx.o(RESET) refers (Special) to heapauxi.o(.text) for __use_two_region_memory
    startup_stm32f427xx.o(RESET) refers to startup_stm32f427xx.o(STACK) for __initial_sp
    startup_stm32f427xx.o(RESET) refers to startup_stm32f427xx.o(.text) for Reset_Handler
    startup_stm32f427xx.o(RESET) refers to stm32f4xx_it.o(i.NMI_Handler) for NMI_Handler
    startup_stm32f427xx.o(RESET) refers to stm32f4xx_it.o(i.HardFault_Handler) for HardFault_Handler
    startup_stm32f427xx.o(RESET) refers to stm32f4xx_it.o(i.MemManage_Handler) for MemManage_Handler
    startup_stm32f427xx.o(RESET) refers to stm32f4xx_it.o(i.BusFault_Handler) for BusFault_Handler
    startup_stm32f427xx.o(RESET) refers to stm32f4xx_it.o(i.UsageFault_Handler) for UsageFault_Handler
    startup_stm32f427xx.o(RESET) refers to port.o(.emb_text) for SVC_Handler
    startup_stm32f427xx.o(RESET) refers to stm32f4xx_it.o(i.DebugMon_Handler) for DebugMon_Handler
    startup_stm32f427xx.o(RESET) refers to cmsis_os2.o(i.SysTick_Handler) for SysTick_Handler
    startup_stm32f427xx.o(RESET) refers to stm32f4xx_it.o(i.EXTI0_IRQHandler) for EXTI0_IRQHandler
    startup_stm32f427xx.o(RESET) refers to stm32f4xx_it.o(i.EXTI3_IRQHandler) for EXTI3_IRQHandler
    startup_stm32f427xx.o(RESET) refers to stm32f4xx_it.o(i.EXTI4_IRQHandler) for EXTI4_IRQHandler
    startup_stm32f427xx.o(RESET) refers to stm32f4xx_it.o(i.DMA1_Stream1_IRQHandler) for DMA1_Stream1_IRQHandler
    startup_stm32f427xx.o(RESET) refers to stm32f4xx_it.o(i.DMA1_Stream3_IRQHandler) for DMA1_Stream3_IRQHandler
    startup_stm32f427xx.o(RESET) refers to stm32f4xx_it.o(i.CAN1_RX0_IRQHandler) for CAN1_RX0_IRQHandler
    startup_stm32f427xx.o(RESET) refers to stm32f4xx_it.o(i.CAN1_RX1_IRQHandler) for CAN1_RX1_IRQHandler
    startup_stm32f427xx.o(RESET) refers to stm32f4xx_it.o(i.TIM2_IRQHandler) for TIM2_IRQHandler
    startup_stm32f427xx.o(RESET) refers to stm32f4xx_it.o(i.USART1_IRQHandler) for USART1_IRQHandler
    startup_stm32f427xx.o(RESET) refers to stm32f4xx_it.o(i.USART3_IRQHandler) for USART3_IRQHandler
    startup_stm32f427xx.o(RESET) refers to stm32f4xx_it.o(i.EXTI15_10_IRQHandler) for EXTI15_10_IRQHandler
    startup_stm32f427xx.o(RESET) refers to stm32f4xx_it.o(i.TIM8_UP_TIM13_IRQHandler) for TIM8_UP_TIM13_IRQHandler
    startup_stm32f427xx.o(RESET) refers to stm32f4xx_it.o(i.TIM8_TRG_COM_TIM14_IRQHandler) for TIM8_TRG_COM_TIM14_IRQHandler
    startup_stm32f427xx.o(RESET) refers to stm32f4xx_it.o(i.DMA2_Stream1_IRQHandler) for DMA2_Stream1_IRQHandler
    startup_stm32f427xx.o(RESET) refers to stm32f4xx_it.o(i.DMA2_Stream2_IRQHandler) for DMA2_Stream2_IRQHandler
    startup_stm32f427xx.o(RESET) refers to stm32f4xx_it.o(i.CAN2_RX0_IRQHandler) for CAN2_RX0_IRQHandler
    startup_stm32f427xx.o(RESET) refers to stm32f4xx_it.o(i.CAN2_RX1_IRQHandler) for CAN2_RX1_IRQHandler
    startup_stm32f427xx.o(RESET) refers to stm32f4xx_it.o(i.DMA2_Stream6_IRQHandler) for DMA2_Stream6_IRQHandler
    startup_stm32f427xx.o(RESET) refers to stm32f4xx_it.o(i.USART6_IRQHandler) for USART6_IRQHandler
    startup_stm32f427xx.o(.text) refers (Special) to heapauxi.o(.text) for __use_two_region_memory
    startup_stm32f427xx.o(.text) refers to system_stm32f4xx.o(i.SystemInit) for SystemInit
    startup_stm32f427xx.o(.text) refers to __main.o(!!!main) for __main
    startup_stm32f427xx.o(.text) refers to startup_stm32f427xx.o(HEAP) for Heap_Mem
    startup_stm32f427xx.o(.text) refers to startup_stm32f427xx.o(STACK) for Stack_Mem
    main.o(i.HAL_TIM_PeriodElapsedCallback) refers to bsp.o(i.timCallback) for timCallback
    main.o(i.HAL_TIM_PeriodElapsedCallback) refers to stm32f4xx_hal.o(i.HAL_IncTick) for HAL_IncTick
    main.o(i.SystemClock_Config) refers to rt_memclr_w.o(.text) for __aeabi_memclr4
    main.o(i.SystemClock_Config) refers to stm32f4xx_hal_rcc.o(i.HAL_RCC_OscConfig) for HAL_RCC_OscConfig
    main.o(i.SystemClock_Config) refers to main.o(i.Error_Handler) for Error_Handler
    main.o(i.SystemClock_Config) refers to stm32f4xx_hal_rcc.o(i.HAL_RCC_ClockConfig) for HAL_RCC_ClockConfig
    main.o(i.main) refers to stm32f4xx_hal.o(i.HAL_Init) for HAL_Init
    main.o(i.main) refers to main.o(i.SystemClock_Config) for SystemClock_Config
    main.o(i.main) refers to gpio.o(i.MX_GPIO_Init) for MX_GPIO_Init
    main.o(i.main) refers to dma.o(i.MX_DMA_Init) for MX_DMA_Init
    main.o(i.main) refers to usart.o(i.MX_USART1_UART_Init) for MX_USART1_UART_Init
    main.o(i.main) refers to tim.o(i.MX_TIM13_Init) for MX_TIM13_Init
    main.o(i.main) refers to crc.o(i.MX_CRC_Init) for MX_CRC_Init
[...]
    0x0800099a   0x0800099a   0x00000002   Code   RO         7736    .text               c_w.l(use_no_semi.o)
    0x0800099c   0x0800099c   0x00000008   Code   RO         7748    .text               c_w.l(rt_heap_descriptor_intlibspace.o)
    0x080009a4   0x080009a4   0x00000008   Code   RO         7753    .text               c_w.l(rt_ddtor_pointer_addr_intlibspace.o)
    0x080009ac   0x080009ac   0x00000004   Code   RO         7755    .text               c_w.l(hguard.o)
    0x080009b0   0x080009b0   0x0000008a   Code   RO         7757    .text               c_w.l(init_alloc.o)
    0x08000a3a   0x08000a3a   0x0000000e   Code   RO         7763    .text               c_w.l(h1_init.o)
    0x08000a48   0x08000a48   0x0000004e   Code   RO         7765    .text               c_w.l(h1_free.o)
    0x08000a96   0x08000a96   0x000000b2   Code   RO         7781    .text               c_w.l(_printf_intcommon.o)
    0x08000b48   0x08000b48   0x00000024   Code   RO         7783    .text               c_w.l(_printf_char_file.o)
    0x08000b6c   0x08000b6c   0x00000042   Code   RO         7786    .text               c_w.l(cxa_finalize.o)
    0x08000bae   0x08000bae   0x00000084   Code   RO         7789    .text               c_w.l(rt_memmove_v6.o)
    0x08000c32   0x08000c32   0x00000002   PAD
    0x08000c34   0x08000c34   0x00000008   Code   RO         8109    .text               c_w.l(libspace.o)
    0x08000c3c   0x08000c3c   0x00000008   Code   RO         8132    .text               c_w.l(rt_new_handler_addr_intlibspace.o)
    0x08000c44   0x08000c44   0x00000034   Code   RO         8138    .text               c_w.l(h1_extend.o)
    0x08000c78   0x08000c78   0x00000014   Code   RO         8142    .text               c_w.l(fprintf.o)
    0x08000c8c   0x08000c8c   0x00000034   Code   RO         8144    .text               c_w.l(vsnprintf.o)
    0x08000cc0   0x08000cc0   0x00000030   Code   RO         8146    .text               c_w.l(_printf_char_common.o)
    0x08000cf0   0x08000cf0   0x0000003c   Code   RO         8148    .text               c_w.l(sscanf.o)
    0x08000d2c   0x08000d2c   0x00000008   Code   RO         8150    .text               c_w.l(ferror.o)
    0x08000d34   0x08000d34   0x00000016   Code   RO         8154    .text               c_w.l(abort.o)
    0x08000d4a   0x08000d4a   0x0000000e   Code   RO         8156    .text               c_w.l(defsig_rtmem_outer.o)
    0x08000d58   0x08000d58   0x00000048   Code   RO         8160    .text               c_w.l(strcpy.o)
    0x08000da0   0x08000da0   0x00000016   Code   RO         8162    .text               c_w.l(strrchr.o)
    0x08000db6   0x08000db6   0x0000003e   Code   RO         8164    .text               c_w.l(strlen.o)
    0x08000df4   0x08000df4   0x00000018   Code   RO         8166    .text               c_w.l(strcat.o)
    0x08000e0c   0x08000e0c   0x0000007a   Code   RO         8168    .text               c_w.l(rt_memmove_w.o)
    0x08000e86   0x08000e86   0x00000004   Code   RO         8686    .text               cpprt_w.l(arm_newhandler_noexceptions.o)
    0x08000e8a   0x08000e8a   0x0000000e   Code   RO         8722    .text               cpprt_w.l(aeabi_vec_delete_noexceptions.o)
    0x08000e98   0x08000e98   0x0000001a   Code   RO         8732    .text               cpprt_w.l(arm_exceptions_terminate.o)
    0x08000eb2   0x08000eb2   0x00000002   PAD
    0x08000eb4   0x08000eb4   0x00000050   Code   RO         8738    .text               cpprt_w.l(arm_exceptions_globs.o)
    0x08000f04   0x08000f04   0x0000004a   Code   RO         8751    .text               c_w.l(sys_stackheap_outer.o)
    0x08000f4e   0x08000f4e   0x00000002   PAD
    0x08000f50   0x08000f50   0x00000010   Code   RO         8753    .text               c_w.l(rt_ctype_table.o)
    0x08000f60   0x08000f60   0x00000008   Code   RO         8760    .text               c_w.l(rt_eh_globals_addr_intlibspace.o)
    0x08000f68   0x08000f68   0x0000004e   Code   RO         8764    .text               c_w.l(_printf_pad.o)
    0x08000fb6   0x08000fb6   0x00000024   Code   RO         8766    .text               c_w.l(_printf_truncate.o)
    0x08000fda   0x08000fda   0x00000052   Code   RO         8768    .text               c_w.l(_printf_str.o)
    0x0800102c   0x0800102c   0x00000028   Code   RO         8770    .text               c_w.l(_printf_charcount.o)
    0x08001054   0x08001054   0x0000000a   Code   RO         8772    .text               c_w.l(_sputc.o)
    0x0800105e   0x0800105e   0x00000010   Code   RO         8774    .text               c_w.l(_snputc.o)
    0x0800106e   0x0800106e   0x00000002   PAD
    0x08001070   0x08001070   0x000000bc   Code   RO         8778    .text               c_w.l(_printf_wctomb.o)
    0x0800112c   0x0800112c   0x0000007c   Code   RO         8781    .text               c_w.l(_printf_longlong_dec.o)
    0x080011a8   0x080011a8   0x00000070   Code   RO         8787    .text               c_w.l(_printf_oct_int_ll.o)
    0x08001218   0x08001218   0x00000094   Code   RO         8807    .text               c_w.l(_printf_hex_int_ll_ptr.o)
    0x080012ac   0x080012ac   0x00000156   Code   RO         8831    .text               c_w.l(_scanf_longlong.o)
    0x08001402   0x08001402   0x0000014c   Code   RO         8833    .text               c_w.l(_scanf_int.o)
    0x0800154e   0x0800154e   0x000000e0   Code   RO         8835    .text               c_w.l(_scanf_str.o)
    0x0800162e   0x0800162e   0x00000002   PAD
    0x08001630   0x08001630   0x0000002c   Code   RO         8837    .text               c_w.l(scanf_char.o)
    0x0800165c   0x0800165c   0x00000040   Code   RO         8839    .text               c_w.l(_sgetc.o)
    0x0800169c   0x0800169c   0x00000114   Code   RO         8841    .text               c_w.l(_scanf_mbtowc.o)
    0x080017b0   0x080017b0   0x000000e8   Code   RO         8843    .text               c_w.l(_scanf_wctomb.o)
    0x08001898   0x08001898   0x000000d0   Code   RO         8845    .text               c_w.l(_scanf_wstr.o)
    0x08001968   0x08001968   0x00000010   Code   RO         8847    .text               c_w.l(locale.o)
    0x08001978   0x08001978   0x00000012   Code   RO         8859    .text               c_w.l(exit.o)
    0x0800198a   0x0800198a   0x0000000a   Code   RO         8861    .text               c_w.l(defsig_exit.o)
    0x08001994   0x08001994   0x0000000e   Code   RO         8863    .text               c_w.l(defsig_abrt_outer.o)
    0x080019a2   0x080019a2   0x00000002   PAD
    0x080019a4   0x080019a4   0x00000050   Code   RO         8871    .text               c_w.l(defsig_rtmem_inner.o)
    0x080019f4   0x080019f4   0x00000008   Code   RO         8877    .text               c_w.l(memcpy.o)
    0x080019fc   0x080019fc   0x00000080   Code   RO         8879    .text               c_w.l(strcmpv7m.o)
    0x08001a7c   0x08001a7c   0x0000003c   Code   RO         9007    .text               cpprt_w.l(arm_exceptions_mem.o)
    0x08001ab8   0x08001ab8   0x00000008   Code   RO         9032    .text               c_w.l(rt_locale_intlibspace.o)
    0x08001ac0   0x08001ac0   0x00000008   Code   RO         9037    .text               c_w.l(rt_errno_addr_intlibspace.o)
    0x08001ac8   0x08001ac8   0x0000008a   Code   RO         9043    .text               c_w.l(lludiv10.o)
    0x08001b52   0x08001b52   0x00000012   Code   RO         9045    .text               c_w.l(isspace.o)
    0x08001b64   0x08001b64   0x0000041e   Code   RO         9053    .text               c_w.l(_printf_fp_dec.o)
    0x08001f82   0x08001f82   0x00000002   PAD
    0x08001f84   0x08001f84   0x000002fc   Code   RO         9055    .text               c_w.l(_printf_fp_hex.o)
    0x08002280   0x08002280   0x0000002c   Code   RO         9058    .text               c_w.l(_printf_char.o)
    0x080022ac   0x080022ac   0x0000002c   Code   RO         9060    .text               c_w.l(_printf_wchar.o)
    0x080022d8   0x080022d8   0x0000001c   Code   RO         9062    .text               c_w.l(_chval.o)
    0x080022f4   0x080022f4   0x00000374   Code   RO         9064    .text               c_w.l(_scanf.o)
    0x08002668   0x08002668   0x000004f8   Code   RO         9066    .text               c_w.l(scanf_fp.o)
    0x08002b60   0x08002b60   0x0000001e   Code   RO         9070    .text               c_w.l(_scanf_wcharmap.o)
    0x08002b7e   0x08002b7e   0x00000002   PAD
    0x08002b80   0x08002b80   0x000001b8   Code   RO         9074    .text               c_w.l(locale_r.o)
    0x08002d38   0x08002d38   0x0000003c   Code   RO         9076    .text               c_w.l(_mbrtowc.o)
    0x08002d74   0x08002d74   0x00000040   Code   RO         9078    .text               c_w.l(_wcrtomb.o)
    0x08002db4   0x08002db4   0x00000032   Code   RO         9090    .text               c_w.l(defsig_general.o)
    0x08002de6   0x08002de6   0x00000002   PAD
    0x08002de8   0x08002de8   0x00000030   Code   RO         9092    .text               c_w.l(defsig_abrt_inner.o)
    0x08002e18   0x08002e18   0x00000002   Code   RO         9096    .text               cpprt_w.l(arm_rethrow_noexceptions.o)
    0x08002e1a   0x08002e1a   0x00000002   PAD
    0x08002e1c   0x08002e1c   0x00000080   Code   RO         9111    .text               c_w.l(_printf_fp_infnan.o)
    0x08002e9c   0x08002e9c   0x000000e4   Code   RO         9115    .text               c_w.l(bigflt0.o)
    0x08002f80   0x08002f80   0x00000016   Code   RO         9177    .text               c_w.l(_rserrno.o)
    0x08002f96   0x08002f96   0x00000002   PAD
    0x08002f98   0x08002f98   0x00000320   Code   RO         9179    .text               c_w.l(scanf_hexfp.o)
    0x080032b8   0x080032b8   0x00000134   Code   RO         9181    .text               c_w.l(scanf_infnan.o)
    0x080033ec   0x080033ec   0x0000001c   Code   RO         9200    .text               cpprt_w.l(ARM_vec_cleanup_noexceptions.o)
    0x08003408   0x08003408   0x00000026   Code   RO         9211    .text               c_w.l(llshl.o)
    0x0800342e   0x0800342e   0x0000003e   Code   RO         9118    CL$$btod_d2e        c_w.l(btod.o)
    0x0800346c   0x0800346c   0x00000046   Code   RO         9120    CL$$btod_d2e_denorm_low  c_w.l(btod.o)
    0x080034b2   0x080034b2   0x00000060   Code   RO         9119    CL$$btod_d2e_norm_op1  c_w.l(btod.o)
    0x08003512   0x08003512   0x00000338   Code   RO         9128    CL$$btod_div_common  c_w.l(btod.o)
    0x0800384a   0x0800384a   0x00000002   PAD
    0x0800384c   0x0800384c   0x00000084   Code   RO         9126    CL$$btod_e2d        c_w.l(btod.o)
    0x080038d0   0x080038d0   0x000000dc   Code   RO         9125    CL$$btod_e2e        c_w.l(btod.o)
    0x080039ac   0x080039ac   0x0000002a   Code   RO         9122    CL$$btod_ediv       c_w.l(btod.o)
    0x080039d6   0x080039d6   0x0000002a   Code   RO         9124    CL$$btod_edivd      c_w.l(btod.o)
    0x08003a00   0x08003a00   0x0000002a   Code   RO         9121    CL$$btod_emul       c_w.l(btod.o)
    0x08003a2a   0x08003a2a   0x0000002a   Code   RO         9123    CL$$btod_emuld      c_w.l(btod.o)
    0x08003a54   0x08003a54   0x00000244   Code   RO         9127    CL$$btod_mult_common  c_w.l(btod.o)
    0x08003c98   0x08003c98   0x00000014   Code   RO         8449    i.<Func5>           cpp_ws.l(locale.o)
    0x08003cac   0x08003cac   0x0000001c   Code   RO         5246    i.<Func7>           bsp_can.o
    0x08003cc8   0x08003cc8   0x0000026c   Code   RO         4403    i.APP_defaultTask   app.o
    0x08003f34   0x08003f34   0x00000002   Code   RO         4404    i.APP_init          app.o
    0x08003f36   0x08003f36   0x00000002   PAD
    0x08003f38   0x08003f38   0x00000020   Code   RO         4452    i.BSP_defaultTask   bsp.o
    0x08003f58   0x08003f58   0x0000015c   Code   RO         4453    i.BSP_init          bsp.o
    0x080040b4   0x080040b4   0x00000004   Code   RO          602    i.BusFault_Handler  stm32f4xx_it.o
    0x080040b8   0x080040b8   0x00000010   Code   RO          603    i.CAN1_RX0_IRQHandler  stm32f4xx_it.o
    0x080040c8   0x080040c8   0x00000010   Code   RO          604    i.CAN1_RX1_IRQHandler  stm32f4xx_it.o
    0x080040d8   0x080040d8   0x00000010   Code   RO          605    i.CAN2_RX0_IRQHandler  stm32f4xx_it.o
    0x080040e8   0x080040e8   0x00000010   Code   RO          606    i.CAN2_RX1_IRQHandler  stm32f4xx_it.o
    0x080040f8   0x080040f8   0x00000010   Code   RO          607    i.DMA1_Stream1_IRQHandler  stm32f4xx_it.o
    0x08004108   0x08004108   0x00000010   Code   RO          608    i.DMA1_Stream3_IRQHandler  stm32f4xx_it.o
    0x08004118   0x08004118   0x00000010   Code   RO          609    i.DMA2_Stream1_IRQHandler  stm32f4xx_it.o
    0x08004128   0x08004128   0x00000010   Code   RO          610    i.DMA2_Stream2_IRQHandler  stm32f4xx_it.o
    0x08004138   0x08004138   0x00000010   Code   RO          611    i.DMA2_Stream6_IRQHandler  stm32f4xx_it.o
    0x08004148   0x08004148   0x00000034   Code   RO         1632    i.DMA_CalcBaseAndBitshift  stm32f4xx_hal_dma.o
    0x0800417c   0x0800417c   0x000000aa   Code   RO         1633    i.DMA_CheckFifoParam  stm32f4xx_hal_dma.o
    0x08004226   0x08004226   0x0000002c   Code   RO         1634    i.DMA_SetConfig     stm32f4xx_hal_dma.o
    0x08004252   0x08004252   0x00000002   Code   RO          612    i.DebugMon_Handler  stm32f4xx_it.o
    0x08004254   0x08004254   0x00000010   Code   RO          613    i.EXTI0_IRQHandler  stm32f4xx_it.o
    0x08004264   0x08004264   0x00000014   Code   RO          614    i.EXTI15_10_IRQHandler  stm32f4xx_it.o
    0x08004278   0x08004278   0x00000010   Code   RO          615    i.EXTI3_IRQHandler  stm32f4xx_it.o
    0x08004288   0x08004288   0x00000010   Code   RO          616    i.EXTI4_IRQHandler  stm32f4xx_it.o
    0x08004298   0x08004298   0x0000000c   Code   RO         4454    i.EXTICallback      bsp.o
    0x080042a4   0x080042a4   0x00000006   Code   RO           13    i.Error_Handler     main.o
    0x080042aa   0x080042aa   0x00000056   Code   RO          837    i.HAL_CAN_AbortTxRequest  stm32f4xx_hal_can.o
    0x08004300   0x08004300   0x0000002a   Code   RO          838    i.HAL_CAN_ActivateNotification  stm32f4xx_hal_can.o
    0x0800432a   0x0800432a   0x00000156   Code   RO          839    i.HAL_CAN_AddTxMessage  stm32f4xx_hal_can.o
    0x08004480   0x08004480   0x00000124   Code   RO          840    i.HAL_CAN_ConfigFilter  stm32f4xx_hal_can.o
    0x080045a4   0x080045a4   0x00000002   Code   RO          843    i.HAL_CAN_ErrorCallback  stm32f4xx_hal_can.o
    0x080045a6   0x080045a6   0x0000017a   Code   RO          846    i.HAL_CAN_GetRxMessage  stm32f4xx_hal_can.o
    0x08004720   0x08004720   0x00000036   Code   RO          848    i.HAL_CAN_GetTxMailboxesFreeLevel  stm32f4xx_hal_can.o
    0x08004756   0x08004756   0x0000024e   Code   RO          850    i.HAL_CAN_IRQHandler  stm32f4xx_hal_can.o
    0x080049a4   0x080049a4   0x00000174   Code   RO          851    i.HAL_CAN_Init      stm32f4xx_hal_can.o
    0x08004b18   0x08004b18   0x00000184   Code   RO          314    i.HAL_CAN_MspInit   can.o
    0x08004c9c   0x08004c9c   0x00000002   Code   RO          858    i.HAL_CAN_RxFifo0FullCallback  stm32f4xx_hal_can.o
    0x08004c9e   0x08004c9e   0x0000000e   Code   RO         5247    i.HAL_CAN_RxFifo0MsgPendingCallback  bsp_can.o
    0x08004cac   0x08004cac   0x00000002   Code   RO          860    i.HAL_CAN_RxFifo1FullCallback  stm32f4xx_hal_can.o
    0x08004cae   0x08004cae   0x0000000e   Code   RO         5248    i.HAL_CAN_RxFifo1MsgPendingCallback  bsp_can.o
    0x08004cbc   0x08004cbc   0x00000002   Code   RO          862    i.HAL_CAN_SleepCallback  stm32f4xx_hal_can.o
    0x08004cbe   0x08004cbe   0x0000005e   Code   RO          863    i.HAL_CAN_Start     stm32f4xx_hal_can.o
    0x08004d1c   0x08004d1c   0x00000002   Code   RO          865    i.HAL_CAN_TxMailbox0AbortCallback  stm32f4xx_hal_can.o
    0x08004d1e   0x08004d1e   0x00000002   Code   RO          866    i.HAL_CAN_TxMailbox0CompleteCallback  stm32f4xx_hal_can.o
    0x08004d20   0x08004d20   0x00000002   Code   RO          867    i.HAL_CAN_TxMailbox1AbortCallback  stm32f4xx_hal_can.o
    0x08004d22   0x08004d22   0x00000002   Code   RO          868    i.HAL_CAN_TxMailbox1CompleteCallback  stm32f4xx_hal_can.o
    0x08004d24   0x08004d24   0x00000002   Code   RO          869    i.HAL_CAN_TxMailbox2AbortCallback  stm32f4xx_hal_can.o
    0x08004d26   0x08004d26   0x00000002   Code   RO          870    i.HAL_CAN_TxMailbox2CompleteCallback  stm32f4xx_hal_can.o
    0x08004d28   0x08004d28   0x00000002   Code   RO          872    i.HAL_CAN_WakeUpFromRxMsgCallback  stm32f4xx_hal_can.o
    0x08004d2a   0x08004d2a   0x00000020   Code   RO         2344    i.HAL_CRC_Init      stm32f4xx_hal_crc.o
    0x08004d4a   0x08004d4a   0x00000002   PAD
    0x08004d4c   0x08004d4c   0x00000034   Code   RO          363    i.HAL_CRC_MspInit   crc.o
    0x08004d80   0x08004d80   0x000000ac   Code   RO         1635    i.HAL_DMA_Abort     stm32f4xx_hal_dma.o
    0x08004e2c   0x08004e2c   0x00000028   Code   RO         1636    i.HAL_DMA_Abort_IT  stm32f4xx_hal_dma.o
    0x08004e54   0x08004e54   0x00000070   Code   RO         1637    i.HAL_DMA_DeInit    stm32f4xx_hal_dma.o
    0x08004ec4   0x08004ec4   0x00000240   Code   RO         1640    i.HAL_DMA_IRQHandler  stm32f4xx_hal_dma.o
    0x08005104   0x08005104   0x000000ec   Code   RO         1641    i.HAL_DMA_Init      stm32f4xx_hal_dma.o
    0x080051f0   0x080051f0   0x00000092   Code   RO         1645    i.HAL_DMA_Start_IT  stm32f4xx_hal_dma.o
    0x08005282   0x08005282   0x00000002   Code   RO         1526    i.HAL_GPIO_EXTI_Callback  stm32f4xx_hal_gpio.o
    0x08005284   0x08005284   0x0000001c   Code   RO         1527    i.HAL_GPIO_EXTI_IRQHandler  stm32f4xx_hal_gpio.o
    0x080052a0   0x080052a0   0x00000210   Code   RO         1528    i.HAL_GPIO_Init     stm32f4xx_hal_gpio.o
    0x080054b0   0x080054b0   0x0000000c   Code   RO         1532    i.HAL_GPIO_WritePin  stm32f4xx_hal_gpio.o
    0x080054bc   0x080054bc   0x0000000c   Code   RO         2085    i.HAL_GetTick       stm32f4xx_hal.o
    0x080054c8   0x080054c8   0x00000018   Code   RO         2091    i.HAL_IncTick       stm32f4xx_hal.o
    0x080054e0   0x080054e0   0x0000003c   Code   RO         2092    i.HAL_Init          stm32f4xx_hal.o
    0x0800551c   0x0800551c   0x0000008c   Code   RO          798    i.HAL_InitTick      stm32f4xx_hal_timebase_tim.o
    0x080055a8   0x080055a8   0x00000054   Code   RO          774    i.HAL_MspInit       stm32f4xx_hal_msp.o
    0x080055fc   0x080055fc   0x00000020   Code   RO         1935    i.HAL_NVIC_EnableIRQ  stm32f4xx_hal_cortex.o
    0x0800561c   0x0800561c   0x0000007c   Code   RO         1941    i.HAL_NVIC_SetPriority  stm32f4xx_hal_cortex.o
    0x08005698   0x08005698   0x00000028   Code   RO         1942    i.HAL_NVIC_SetPriorityGrouping  stm32f4xx_hal_cortex.o
    0x080056c0   0x080056c0   0x00000184   Code   RO         1072    i.HAL_RCC_ClockConfig  stm32f4xx_hal_rcc.o
    0x08005844   0x08005844   0x00000044   Code   RO         1076    i.HAL_RCC_GetClockConfig  stm32f4xx_hal_rcc.o
    0x08005888   0x08005888   0x0000000c   Code   RO         1077    i.HAL_RCC_GetHCLKFreq  stm32f4xx_hal_rcc.o
    0x08005894   0x08005894   0x00000020   Code   RO         1079    i.HAL_RCC_GetPCLK1Freq  stm32f4xx_hal_rcc.o
    0x080058b4   0x080058b4   0x00000020   Code   RO         1080    i.HAL_RCC_GetPCLK2Freq  stm32f4xx_hal_rcc.o
    0x080058d4   0x080058d4   0x000000b0   Code   RO         1081    i.HAL_RCC_GetSysClockFreq  stm32f4xx_hal_rcc.o
    0x08005984   0x08005984   0x0000049c   Code   RO         1084    i.HAL_RCC_OscConfig  stm32f4xx_hal_rcc.o
    0x08005e20   0x08005e20   0x00000034   Code   RO         2409    i.HAL_RNG_Init      stm32f4xx_hal_rng.o
    0x08005e54   0x08005e54   0x00000034   Code   RO          429    i.HAL_RNG_MspInit   rng.o
    0x08005e88   0x08005e88   0x00000002   Code   RO         3219    i.HAL_TIMEx_BreakCallback  stm32f4xx_hal_tim_ex.o
    0x08005e8a   0x08005e8a   0x00000002   Code   RO         3220    i.HAL_TIMEx_CommutCallback  stm32f4xx_hal_tim_ex.o
    0x08005e8c   0x08005e8c   0x000000b4   Code   RO         3238    i.HAL_TIMEx_MasterConfigSynchronization  stm32f4xx_hal_tim_ex.o
    0x08005f40   0x08005f40   0x00000066   Code   RO         2504    i.HAL_TIM_Base_Init  stm32f4xx_hal_tim.o
    0x08005fa6   0x08005fa6   0x00000002   PAD
    0x08005fa8   0x08005fa8   0x00000080   Code   RO          471    i.HAL_TIM_Base_MspInit  tim.o
    0x08006028   0x08006028   0x000000a8   Code   RO         2509    i.HAL_TIM_Base_Start_IT  stm32f4xx_hal_tim.o
    0x080060d0   0x080060d0   0x0000010c   Code   RO         2513    i.HAL_TIM_ConfigClockSource  stm32f4xx_hal_tim.o
    0x080061dc   0x080061dc   0x00000002   Code   RO         2538    i.HAL_TIM_IC_CaptureCallback  stm32f4xx_hal_tim.o
    0x080061de   0x080061de   0x00000196   Code   RO         2552    i.HAL_TIM_IRQHandler  stm32f4xx_hal_tim.o
    0x08006374   0x08006374   0x00000134   Code   RO          472    i.HAL_TIM_MspPostInit  tim.o
    0x080064a8   0x080064a8   0x00000002   Code   RO         2555    i.HAL_TIM_OC_DelayElapsedCallback  stm32f4xx_hal_tim.o
    0x080064aa   0x080064aa   0x00000104   Code   RO         2576    i.HAL_TIM_PWM_ConfigChannel  stm32f4xx_hal_tim.o
    0x080065ae   0x080065ae   0x00000066   Code   RO         2579    i.HAL_TIM_PWM_Init  stm32f4xx_hal_tim.o
    0x08006614   0x08006614   0x00000064   Code   RO          474    i.HAL_TIM_PWM_MspInit  tim.o
    0x08006678   0x08006678   0x00000002   Code   RO         2582    i.HAL_TIM_PWM_PulseFinishedCallback  stm32f4xx_hal_tim.o
    0x0800667a   0x0800667a   0x00000002   PAD
    0x0800667c   0x0800667c   0x0000010c   Code   RO         2584    i.HAL_TIM_PWM_Start  stm32f4xx_hal_tim.o
    0x08006788   0x08006788   0x0000001c   Code   RO           14    i.HAL_TIM_PeriodElapsedCallback  main.o
    0x080067a4   0x080067a4   0x00000002   Code   RO         2595    i.HAL_TIM_TriggerCallback  stm32f4xx_hal_tim.o
    0x080067a6   0x080067a6   0x00000002   Code   RO         3497    i.HAL_UARTEx_RxEventCallback  stm32f4xx_hal_uart.o
    0x080067a8   0x080067a8   0x0000008a   Code   RO         3509    i.HAL_UART_DMAStop  stm32f4xx_hal_uart.o
    0x08006832   0x08006832   0x00000002   Code   RO         3511    i.HAL_UART_ErrorCallback  stm32f4xx_hal_uart.o
    0x08006834   0x08006834   0x000002e0   Code   RO         3514    i.HAL_UART_IRQHandler  stm32f4xx_hal_uart.o
    0x08006b14   0x08006b14   0x00000072   Code   RO         3515    i.HAL_UART_Init     stm32f4xx_hal_uart.o
    0x08006b86   0x08006b86   0x00000002   PAD
    0x08006b88   0x08006b88   0x000002f0   Code   RO          549    i.HAL_UART_MspInit  usart.o
    0x08006e78   0x08006e78   0x00000042   Code   RO         3519    i.HAL_UART_Receive_DMA  stm32f4xx_hal_uart.o
    0x08006eba   0x08006eba   0x00000002   Code   RO         3521    i.HAL_UART_RxCpltCallback  stm32f4xx_hal_uart.o
    0x08006ebc   0x08006ebc   0x00000002   Code   RO         3522    i.HAL_UART_RxHalfCpltCallback  stm32f4xx_hal_uart.o
    0x08006ebe   0x08006ebe   0x00000002   Code   RO         3526    i.HAL_UART_TxCpltCallback  stm32f4xx_hal_uart.o
    0x08006ec0   0x08006ec0   0x00000008   Code   RO         3890    i.HAL_defaultTask   hal.o
    0x08006ec8   0x08006ec8   0x000000d4   Code   RO         3891    i.HAL_init          hal.o
    0x08006f9c   0x08006f9c   0x00000004   Code   RO          617    i.HardFault_Handler  stm32f4xx_it.o
    0x08006fa0   0x08006fa0   0x00000044   Code   RO          315    i.MX_CAN1_Init      can.o
    0x08006fe4   0x08006fe4   0x00000044   Code   RO          316    i.MX_CAN2_Init      can.o
    0x08007028   0x08007028   0x00000020   Code   RO          364    i.MX_CRC_Init       crc.o
    0x08007048   0x08007048   0x00000098   Code   RO          404    i.MX_DMA_Init       dma.o
    0x080070e0   0x080070e0   0x00000054   Code   RO          252    i.MX_FREERTOS_Init  freertos.o
    0x08007134   0x08007134   0x0000023c   Code   RO          228    i.MX_GPIO_Init      gpio.o
    0x08007370   0x08007370   0x00000020   Code   RO          430    i.MX_RNG_Init       rng.o
    0x08007390   0x08007390   0x00000034   Code   RO          475    i.MX_TIM13_Init     tim.o
    0x080073c4   0x080073c4   0x000000d0   Code   RO          476    i.MX_TIM2_Init      tim.o
    0x08007494   0x08007494   0x0000008c   Code   RO          477    i.MX_TIM5_Init      tim.o
    0x08007520   0x08007520   0x00000060   Code   RO          478    i.MX_TIM9_Init      tim.o
    0x08007580   0x08007580   0x00000040   Code   RO          550    i.MX_USART1_UART_Init  usart.o
    0x080075c0   0x080075c0   0x00000038   Code   RO          551    i.MX_USART3_UART_Init  usart.o
    0x080075f8   0x080075f8   0x00000038   Code   RO          552    i.MX_USART6_UART_Init  usart.o
    0x08007630   0x08007630   0x00000004   Code   RO          618    i.MemManage_Handler  stm32f4xx_it.o
    0x08007634   0x08007634   0x00000002   Code   RO          619    i.NMI_Handler       stm32f4xx_it.o
    0x08007636   0x08007636   0x00000114   Code   RO         5008    i.PID_calc          pid.o
    0x0800774a   0x0800774a   0x0000004e   Code   RO         5009    i.PID_init          pid.o
    0x08007798   0x08007798   0x0000001c   Code   RO          253    i.StartDefaultTask  freertos.o
    0x080077b4   0x080077b4   0x0000001c   Code   RO          254    i.StartTask2        freertos.o
    0x080077d0   0x080077d0   0x0000001c   Code   RO          255    i.StartTask3        freertos.o
    0x080077ec   0x080077ec   0x00000016   Code   RO         6784    i.SysTick_Handler   cmsis_os2.o
    0x08007802   0x08007802   0x00000002   PAD
    0x08007804   0x08007804   0x000000b4   Code   RO           15    i.SystemClock_Config  main.o
    0x080078b8   0x080078b8   0x00000014   Code   RO         3854    i.SystemInit        system_stm32f4xx.o
    0x080078cc   0x080078cc   0x00000010   Code   RO          620    i.TIM2_IRQHandler   stm32f4xx_it.o
    0x080078dc   0x080078dc   0x00000010   Code   RO          621    i.TIM8_TRG_COM_TIM14_IRQHandler  stm32f4xx_it.o
    0x080078ec   0x080078ec   0x00000010   Code   RO          622    i.TIM8_UP_TIM13_IRQHandler  stm32f4xx_it.o
    0x080078fc   0x080078fc   0x000000d8   Code   RO         2597    i.TIM_Base_SetConfig  stm32f4xx_hal_tim.o
    0x080079d4   0x080079d4   0x00000022   Code   RO         2598    i.TIM_CCxChannelCmd  stm32f4xx_hal_tim.o
    0x080079f6   0x080079f6   0x00000016   Code   RO         2608    i.TIM_ETR_SetConfig  stm32f4xx_hal_tim.o
    0x08007a0c   0x08007a0c   0x00000012   Code   RO         2609    i.TIM_ITRx_SetConfig  stm32f4xx_hal_tim.o
    0x08007a1e   0x08007a1e   0x00000002   PAD
    0x08007a20   0x08007a20   0x00000070   Code   RO         2610    i.TIM_OC1_SetConfig  stm32f4xx_hal_tim.o
    0x08007a90   0x08007a90   0x0000007c   Code   RO         2611    i.TIM_OC2_SetConfig  stm32f4xx_hal_tim.o
    0x08007b0c   0x08007b0c   0x00000078   Code   RO         2612    i.TIM_OC3_SetConfig  stm32f4xx_hal_tim.o
    0x08007b84   0x08007b84   0x00000054   Code   RO         2613    i.TIM_OC4_SetConfig  stm32f4xx_hal_tim.o
    0x08007bd8   0x08007bd8   0x00000026   Code   RO         2615    i.TIM_TI1_ConfigInputStage  stm32f4xx_hal_tim.o
    0x08007bfe   0x08007bfe   0x00000028   Code   RO         2617    i.TIM_TI2_ConfigInputStage  stm32f4xx_hal_tim.o
    0x08007c26   0x08007c26   0x00000014   Code   RO         3528    i.UART_DMAAbortOnError  stm32f4xx_hal_uart.o
    0x08007c3a   0x08007c3a   0x00000050   Code   RO         3529    i.UART_DMAError     stm32f4xx_hal_uart.o
    0x08007c8a   0x08007c8a   0x000000b0   Code   RO         3530    i.UART_DMAReceiveCplt  stm32f4xx_hal_uart.o
    0x08007d3a   0x08007d3a   0x00000020   Code   RO         3532    i.UART_DMARxHalfCplt  stm32f4xx_hal_uart.o
    0x08007d5a   0x08007d5a   0x0000006c   Code   RO         3538    i.UART_EndRxTransfer  stm32f4xx_hal_uart.o
    0x08007dc6   0x08007dc6   0x00000020   Code   RO         3539    i.UART_EndTransmit_IT  stm32f4xx_hal_uart.o
    0x08007de6   0x08007de6   0x00000026   Code   RO         3540    i.UART_EndTxTransfer  stm32f4xx_hal_uart.o
    0x08007e0c   0x08007e0c   0x000000f8   Code   RO         3541    i.UART_Receive_IT   stm32f4xx_hal_uart.o
    0x08007f04   0x08007f04   0x0000022c   Code   RO         3542    i.UART_SetConfig    stm32f4xx_hal_uart.o
    0x08008130   0x08008130   0x000000d0   Code   RO         3543    i.UART_Start_Receive_DMA  stm32f4xx_hal_uart.o
    0x08008200   0x08008200   0x00000060   Code   RO         3545    i.UART_Transmit_IT  stm32f4xx_hal_uart.o
    0x08008260   0x08008260   0x00000014   Code   RO          623    i.USART1_IRQHandler  stm32f4xx_it.o
    0x08008274   0x08008274   0x00000010   Code   RO          624    i.USART3_IRQHandler  stm32f4xx_it.o
    0x08008284   0x08008284   0x00000010   Code   RO          625    i.USART6_IRQHandler  stm32f4xx_it.o
    0x08008294   0x08008294   0x00000004   Code   RO          626    i.UsageFault_Handler  stm32f4xx_it.o
    0x08008298   0x08008298   0x00000088   Code   RO         5249    i._Z12BSP_CAN_Initv  bsp_can.o
    0x08008320   0x08008320   0x00000094   Code   RO         5250    i._Z12BSP_CAN_SendhtPhj  bsp_can.o
    0x080083b4   0x080083b4   0x000000bc   Code   RO         5251    i._Z13update_filterhj  bsp_can.o
    0x08008470   0x08008470   0x00000054   Code   RO         5455    i._Z14Can_Motor_Sendhtssss  can_motor.o
    0x080084c4   0x080084c4   0x00000048   Code   RO         5252    i._Z17BSP_CAN_AddFilterht  bsp_can.o
    0x0800850c   0x0800850c   0x000000e8   Code   RO         5456    i._Z19CanMotor_RxCallBackhjPhj  can_motor.o
    0x080085f4   0x080085f4   0x00000080   Code   RO         5254    i._Z24BSP_CAN_FifoMsg_CallbackP19__CAN_HandleTypeDefj  bsp_can.o
    0x08008674   0x08008674   0x00000050   Code   RO         5255    i._Z26BSP_CAN_RegisterRxCallbackhPFvhjPhjE  bsp_can.o
    0x080086c4   0x080086c4   0x0000015c   Code   RO         5457    i._Z29Can_Motor_FeedbackData_UpdateP9CAN_MotorPh  can_motor.o
    0x08008820   0x08008820   0x00000020   Code   RO         8891    i._Z7catgetsPN4__rw8__rw_catEiiPKc  cpp_ws.l(rwcats.o)
    0x08008840   0x08008840   0x00000022   Code   RO         8892    i._Z7catopenPKci    cpp_ws.l(rwcats.o)
    0x08008862   0x08008862   0x0000002e   Code   RO         5143    i._ZN10Step_Motor4initEP17TIM_HandleTypeDefjP4GPIOS3_  step_motor.o
    0x08008890   0x08008890   0x0000000c   Code   RO         5144    i._ZN10Step_Motor6enableEv  step_motor.o
    0x0800889c   0x0800889c   0x0000000c   Code   RO         5145    i._ZN10Step_Motor7disableEv  step_motor.o
    0x080088a8   0x080088a8   0x000000f0   Code   RO         5146    i._ZN10Step_Motor8setSpeedEi  step_motor.o
    0x08008998   0x08008998   0x0000000a   Code   RO         5147    i._ZN10Step_MotorC1Ev  step_motor.o
    0x080089a2   0x080089a2   0x00000026   Code   RO         5385    i._ZN16BSP_CanTypeDef_tC1Ev  bsp_can.o
    0x080089c8   0x080089c8   0x00000040   Code   RO         5388    i._ZN16BSP_CanTypeDef_tD1Ev  bsp_can.o
    0x08008a08   0x08008a08   0x00000058   Code   RO         7838    i._ZN37_INTERNAL_15_rwstdexcept_cpp_8697b68a4__rw13__rw_vfmatstrEPcjPKcSt9__va_list  cpp_ws.l(rwstdexcept.o)
    0x08008a60   0x08008a60   0x0000014c   Code   RO         7839    i._ZN37_INTERNAL_15_rwstdexcept_cpp_8697b68a4__rw13__rw_vfmatstrEPcjiSt9__va_list  cpp_ws.l(rwstdexcept.o)
    0x08008bac   0x08008bac   0x0000004c   Code   RO         4539    i._ZN4GPIO17GPIO_EXTICallbackEt  bsp_gpio.o
    0x08008bf8   0x08008bf8   0x00000010   Code   RO         4540    i._ZN4GPIO3lowEv    bsp_gpio.o
    0x08008c08   0x08008c08   0x00000010   Code   RO         4541    i._ZN4GPIO4highEv   bsp_gpio.o
    0x08008c18   0x08008c18   0x00000050   Code   RO         4542    i._ZN4GPIO4initEP12GPIO_TypeDeft  bsp_gpio.o
    0x08008c68   0x08008c68   0x00000006   Code   RO         4546    i._ZN4GPIOC1Ev      bsp_gpio.o
    0x08008c6e   0x08008c6e   0x00000002   PAD
    0x08008c70   0x08008c70   0x0000001c   Code   RO         5039    i._ZN4SBUS10rxCallbackEv  sbus.o
    0x08008c8c   0x08008c8c   0x00000020   Code   RO         5040    i._ZN4SBUS4initEP8BSP_UART  sbus.o
    0x08008cac   0x08008cac   0x0000013e   Code   RO         5041    i._ZN4SBUS5solveEv  sbus.o
    0x08008dea   0x08008dea   0x00000024   Code   RO         5042    i._ZN4SBUSC1Ev      sbus.o
    0x08008e0e   0x08008e0e   0x00000002   PAD
    0x08008e10   0x08008e10   0x0000005c   Code   RO         7841    i._ZN4__rw10__rw_throwEiz  cpp_ws.l(rwstdexcept.o)
    0x08008e6c   0x08008e6c   0x00000020   Code   RO         7566    i._ZN4__rw13__rw_allocateEji  cpp_ws.l(rwalloc.o)
    0x08008e8c   0x08008e8c   0x00000004   Code   RO         7567    i._ZN4__rw15__rw_deallocateEPvji  cpp_ws.l(rwalloc.o)
    0x08008e90   0x08008e90   0x00000002   Code   RO         8396    i._ZN4__rw15__rw_facet_base12_C_initfacetERKSt6locale  cpp_ws.l(char.o)
    0x08008e92   0x08008e92   0x00000002   PAD
    0x08008e94   0x08008e94   0x000000ec   Code   RO         8552    i._ZN4__rw15__rw_locale_impC1EPKcjj  cpp_ws.l(locale.o)
    0x08008f80   0x08008f80   0x0000001a   Code   RO         8590    i._ZN4__rw15__rw_locale_impD1Ev  cpp_ws.l(locale.o)
    0x08008f9a   0x08008f9a   0x0000003a   Code   RO         8450    i._ZN4__rw21__rw_use_c_lib_localeC1EPKci  cpp_ws.l(locale.o)
    0x08008fd4   0x08008fd4   0x00000018   Code   RO         8366    i._ZN4__rw21__rw_use_c_lib_localeD1Ev  cpp_ws.l(char.o)
    0x08008fec   0x08008fec   0x00000098   Code   RO         8915    i._ZN4__rw25__rw_throw_exception_noexEiPc  cpp_ws.l(rwthrowproc_impl_noex.o)
    0x08009084   0x08009084   0x00000030   Code   RO         8895    i._ZN4__rw9__catfindEPNS_8__rw_catE  cpp_ws.l(rwcats.o)
    0x080090b4   0x080090b4   0x0000002c   Code   RO         5095    i._ZN5Servo11setDutyRateEf  servo.o
    0x080090e0   0x080090e0   0x0000002c   Code   RO         5096    i._ZN5Servo4initEP17TIM_HandleTypeDefjf  servo.o
    0x0800910c   0x0800910c   0x000000c4   Code   RO         5097    i._ZN5Servo6setCCREt  servo.o
    0x080091d0   0x080091d0   0x0000003c   Code   RO         5098    i._ZN5Servo8setAngleEf  servo.o
    0x0800920c   0x0800920c   0x00000006   Code   RO         5099    i._ZN5ServoC1Ev     servo.o
    0x08009212   0x08009212   0x00000010   Code   RO         4957    i._ZN7UsTimer4initEP17TIM_HandleTypeDef  ustimer.o
    0x08009222   0x08009222   0x00000008   Code   RO         4958    i._ZN7UsTimer6updateEv  ustimer.o
    0x0800922a   0x0800922a   0x0000001a   Code   RO         4961    i._ZN7UsTimer7getTimeEv  ustimer.o
    0x08009244   0x08009244   0x00000006   Code   RO         4962    i._ZN7UsTimerC1Ev   ustimer.o
    0x0800924a   0x0800924a   0x00000004   Code   RO         4761    i._ZN8BSP_UART13regRxCallbackEPFvvE  bsp_uart.o
    0x0800924e   0x0800924e   0x00000002   PAD
    0x08009250   0x08009250   0x00000080   Code   RO         4762    i._ZN8BSP_UART15UART_rxCallbackEP20__UART_HandleTypeDef  bsp_uart.o
    0x080092d0   0x080092d0   0x00000074   Code   RO         4763    i._ZN8BSP_UART4initEP20__UART_HandleTypeDefPFvvE  bsp_uart.o
    0x08009344   0x08009344   0x00000014   Code   RO         4764    i._ZN8BSP_UART7receiveEPht  bsp_uart.o
    0x08009358   0x08009358   0x00000002   Code   RO         4768    i._ZN8BSP_UARTC1Ev  bsp_uart.o
    0x0800935a   0x0800935a   0x00000002   PAD
    0x0800935c   0x0800935c   0x000000dc   Code   RO         5458    i._ZN9CAN_Motor19CAN_Motor_Calc_SendEv  can_motor.o
    0x08009438   0x08009438   0x00000030   Code   RO         5459    i._ZN9CAN_Motor21CAN_Motor_Driver_InitEv  can_motor.o
    0x08009468   0x08009468   0x0000015c   Code   RO         5460    i._ZN9CAN_Motor4initEP18can_motor_config_t  can_motor.o
    0x080095c4   0x080095c4   0x00000064   Code   RO         5461    i._ZN9CAN_MotorC1Ev  can_motor.o
    0x08009628   0x08009628   0x00000004   Code   RO         7961    i._ZNKSt14__rw_exception4whatEv  cpp_ws.l(rwstdexcept.o)
    0x0800962c   0x0800962c   0x00000072   Code   RO         8627    i._ZNKSt18__rw_messages_base11_C_cat_openERKSsRKSt6locale  cpp_ws.l(messages.o)
    0x0800969e   0x0800969e   0x00000020   Code   RO         8630    i._ZNKSt18__rw_messages_base13_C_get_localeEi  cpp_ws.l(messages.o)
    0x080096be   0x080096be   0x00000034   Code   RO         8631    i._ZNKSt18__rw_messages_base14_C_get_messageEiii  cpp_ws.l(messages.o)
    0x080096f2   0x080096f2   0x0000000e   Code   RO         8336    i._ZNKSt5ctypeIcE2isENSt10ctype_base4maskEc  cpp_ws.l(char.o)
    0x08009700   0x08009700   0x00000108   Code   RO         8455    i._ZNKSt6locale13_C_make_facetERKNS_2idEbiPFPN4__rw15__rw_facet_baseEiPKcjE  cpp_ws.l(locale.o)
    0x08009808   0x08009808   0x00000074   Code   RO         8457    i._ZNKSt6locale16_C_install_facetEPN4__rw15__rw_facet_baseERKNS_2idE  cpp_ws.l(locale.o)
    0x0800987c   0x0800987c   0x00000030   Code   RO         8458    i._ZNKSt6locale4nameEv  cpp_ws.l(locale.o)
    0x080098ac   0x080098ac   0x0000000c   Code   RO         8311    i._ZNSt11char_traitsIcE4copyEPcPKcj  cpp_ws.l(char.o)
    0x080098b8   0x080098b8   0x000000cc   Code   RO         8197    i._ZNSt12ctype_bynameIcE17_C_get_mask_tableEPKc  cpp_ws.l(char.o)
    0x08009984   0x08009984   0x00000120   Code   RO         8199    i._ZNSt12ctype_bynameIcEC1EPKcj  cpp_ws.l(char.o)
    0x08009aa4   0x08009aa4   0x0000000e   Code   RO         8443    i._ZNSt12ctype_bynameIcED0Ev  cpp_ws.l(char.o)
    0x08009ab2   0x08009ab2   0x00000008   Code   RO         8440    i._ZNSt12ctype_bynameIcED1Ev  cpp_ws.l(char.o)
    0x08009aba   0x08009aba   0x00000002   PAD
    0x08009abc   0x08009abc   0x00000084   Code   RO         7844    i._ZNSt14__rw_exception10_C_vformatEiSt9__va_list  cpp_ws.l(rwstdexcept.o)
    0x08009b40   0x08009b40   0x00000014   Code   RO         7911    i._ZNSt14__rw_exceptionC1Ev  cpp_ws.l(rwstdexcept.o)
    0x08009b54   0x08009b54   0x0000001c   Code   RO         7955    i._ZNSt14__rw_exceptionD1Ev  cpp_ws.l(rwstdexcept.o)
    0x08009b70   0x08009b70   0x00000008   Code   RO         7908    i._ZNSt18__rw_messages_baseD1Ev  cpp_ws.l(rwstdexcept.o)
    0x08009b78   0x08009b78   0x0000001a   Code   RO         8667    i._ZNSt18__rw_open_cat_dataC1Ev  cpp_ws.l(messages.o)
    0x08009b92   0x08009b92   0x0000000c   Code   RO         8664    i._ZNSt18__rw_open_cat_dataD1Ev  cpp_ws.l(messages.o)
    0x08009b9e   0x08009b9e   0x00000012   Code   RO         8670    i._ZNSt18__rw_open_cat_dataaSERKS_  cpp_ws.l(messages.o)
    0x08009bb0   0x08009bb0   0x000000fa   Code   RO         8201    i._ZNSt5ctypeIcE12_C_initfacetERKSt6locale  cpp_ws.l(char.o)
    0x08009caa   0x08009caa   0x00000002   PAD
    0x08009cac   0x08009cac   0x00000118   Code   RO         8203    i._ZNSt5ctypeIcEC1EPKNSt10ctype_base4maskEbj  cpp_ws.l(char.o)
    0x08009dc4   0x08009dc4   0x0000000e   Code   RO         8339    i._ZNSt5ctypeIcED0Ev  cpp_ws.l(char.o)
    0x08009dd2   0x08009dd2   0x00000002   PAD
    0x08009dd4   0x08009dd4   0x0000002c   Code   RO         8268    i._ZNSt5ctypeIcED1Ev  cpp_ws.l(char.o)
    0x08009e00   0x08009e00   0x0000000e   Code   RO         7952    i._ZNSt6locale5facetD0Ev  cpp_ws.l(rwstdexcept.o)
    0x08009e0e   0x08009e0e   0x00000002   PAD
    0x08009e10   0x08009e10   0x00000084   Code   RO         8461    i._ZNSt6locale7_C_initEv  cpp_ws.l(locale.o)
    0x08009e94   0x08009e94   0x00000044   Code   RO         8463    i._ZNSt6locale7classicEv  cpp_ws.l(locale.o)
    0x08009ed8   0x08009ed8   0x00000020   Code   RO         8593    i._ZNSt6localeC1EPN4__rw15__rw_locale_impE  cpp_ws.l(locale.o)
    0x08009ef8   0x08009ef8   0x0000000c   Code   RO         8673    i._ZNSt6localeC1ERKS_  cpp_ws.l(messages.o)
    0x08009f04   0x08009f04   0x00000020   Code   RO         7904    i._ZNSt6localeC1Ev  cpp_ws.l(rwstdexcept.o)
    0x08009f24   0x08009f24   0x00000020   Code   RO         8568    i._ZNSt6localeD1Ev  cpp_ws.l(locale.o)
    0x08009f44   0x08009f44   0x00000032   Code   RO         8471    i._ZNSt6localeaSERKS_  cpp_ws.l(locale.o)
    0x08009f76   0x08009f76   0x0000000e   Code   RO         7926    i._ZNSt8messagesIcED0Ev  cpp_ws.l(rwstdexcept.o)
    0x08009f84   0x08009f84   0x00000010   Code   RO         7895    i._ZNSt8messagesIcED1Ev  cpp_ws.l(rwstdexcept.o)
    0x08009f94   0x08009f94   0x0000000c   Code   RO         8699    i._ZNSt9exceptionC1Ev  cpprt_w.l(exception_ctor.o)
    0x08009fa0   0x08009fa0   0x0000003c   Code   RO         8648    i._ZSt13__rw_get_catsv  cpp_ws.l(messages.o)
    0x08009fdc   0x08009fdc   0x00000008   Code   RO         8679    i._ZdaPv            cpprt_w.l(array_del.o)
    0x08009fe4   0x08009fe4   0x00000008   Code   RO         7964    i._ZdlPv            cpprt_w.l(delete.o)
    0x08009fec   0x08009fec   0x00000008   Code   RO         8682    i._Znaj             cpprt_w.l(array_new.o)
    0x08009ff4   0x08009ff4   0x00000028   Code   RO         7967    i._Znwj             cpprt_w.l(new.o)
    0x0800a01c   0x0800a01c   0x00000092   Code   RO         9149    i.__ARM_array_new_general  cpprt_w.l(array_new_general.o)
    0x0800a0ae   0x0800a0ae   0x00000030   Code   RO         9167    i.__ARM_fpclassify  m_wm.l(fpclassify.o)
    0x0800a0de   0x0800a0de   0x00000002   PAD
    0x0800a0e0   0x0800a0e0   0x00000010   Code   RO         1948    i.__NVIC_GetPriorityGrouping  stm32f4xx_hal_cortex.o
    0x0800a0f0   0x0800a0f0   0x00000028   Code   RO         1949    i.__NVIC_SetPriority  stm32f4xx_hal_cortex.o
    0x0800a118   0x0800a118   0x00000024   Code   RO         7720    i.__aeabi_vec_ctor_nocookie_nodtor  cpprt_w.l(aeabi_vec_ctor_nocookie_nodtor.o)
    0x0800a13c   0x0800a13c   0x00000010   Code   RO         8998    i.__aeabi_vec_dtor_cookie  cpprt_w.l(aeabi_vec_dtor_cookie.o)
    0x0800a14c   0x0800a14c   0x00000014   Code   RO         9001    i.__aeabi_vec_new_cookie  cpprt_w.l(aeabi_vec_new_cookie.o)
    0x0800a160   0x0800a160   0x00000010   Code   RO         8986    i.__cxa_guard_acquire  cpprt_w.l(cxa_guard_acquire.o)
    0x0800a170   0x0800a170   0x00000018   Code   RO         9099    i.__cxa_vec_new     cpprt_w.l(cxa_vec_new.o)
    0x0800a188   0x0800a188   0x00000006   Code   RO         6786    i.__get_IPSR        cmsis_os2.o
    0x0800a18e   0x0800a18e   0x00000002   PAD
    0x0800a190   0x0800a190   0x000000f8   Code   RO         9169    i.__hardfp___mathlib_tofloat  m_wm.l(narrow.o)
    0x0800a288   0x0800a288   0x00000014   Code   RO         7730    i.__hardfp_fabs     m_wm.l(fabs.o)
    0x0800a29c   0x0800a29c   0x00000004   PAD
    0x0800a2a0   0x0800a2a0   0x000000d0   Code   RO         9217    i.__hardfp_ldexp    m_wm.l(ldexp.o)
    0x0800a370   0x0800a370   0x00000020   Code   RO         9239    i.__mathlib_dbl_overflow  m_wm.l(dunder.o)
    0x0800a390   0x0800a390   0x00000020   Code   RO         9241    i.__mathlib_dbl_underflow  m_wm.l(dunder.o)
    0x0800a3b0   0x0800a3b0   0x00000012   Code   RO         9170    i.__mathlib_narrow  m_wm.l(narrow.o)
    0x0800a3c2   0x0800a3c2   0x00000002   PAD
    0x0800a3c4   0x0800a3c4   0x00000010   Code   RO         8472    i.__sti___10_locale_cpp_ff99fc7b  cpp_ws.l(locale.o)
    0x0800a3d4   0x0800a3d4   0x00000038   Code   RO         8896    i.__sti___10_rwcats_cpp_64e8068e  cpp_ws.l(rwcats.o)
    0x0800a40c   0x0800a40c   0x0000002c   Code   RO         5256    i.__sti___11_bsp_can_cpp_08580423  bsp_can.o
    0x0800a438   0x0800a438   0x00000034   Code   RO         4547    i.__sti___12_bsp_gpio_cpp_4a18a2f4  bsp_gpio.o
    0x0800a46c   0x0800a46c   0x00000034   Code   RO         4769    i.__sti___12_bsp_uart_cpp_74f7c3da  bsp_uart.o
    0x0800a4a0   0x0800a4a0   0x00000034   Code   RO         4087    i.__sti___13_pwm_motor_cpp_caea455d  pwm_motor.o
    0x0800a4d4   0x0800a4d4   0x000000d8   Code   RO         4455    i.__sti___7_bsp_cpp_usTimer  bsp.o
    0x0800a5ac   0x0800a5ac   0x0000004c   Code   RO         3892    i.__sti___7_hal_cpp_33c8162b  hal.o
    0x0800a5f8   0x0800a5f8   0x00000010   Code   RO         8205    i.__sti___8_char_cpp_a3dc957a  cpp_ws.l(char.o)
    0x0800a608   0x0800a608   0x00000010   Code   RO         5043    i.__sti___8_sbus_cpp_rc  sbus.o
    0x0800a618   0x0800a618   0x00000014   Code   RO         9219    i.__support_ldexp   m_wm.l(ldexp.o)
    0x0800a62c   0x0800a62c   0x0000000e   Code   RO         7526    i._is_digit         c_w.l(__printf_wp.o)
    0x0800a63a   0x0800a63a   0x00000002   PAD
    0x0800a63c   0x0800a63c   0x00000028   Code   RO         5188    i._sys_exit         cpp.o
    0x0800a664   0x0800a664   0x00000002   Code   RO         5189    i._ttywrch          cpp.o
    0x0800a666   0x0800a666   0x00000030   Code   RO         5608    i.circular_queue_pop  circular_queue.o
    0x0800a696   0x0800a696   0x00000040   Code   RO         5609    i.circular_queue_push  circular_queue.o
    0x0800a6d6   0x0800a6d6   0x0000002a   Code   RO         5610    i.create_circular_queue  circular_queue.o
    0x0800a700   0x0800a700   0x00000020   Code   RO         5193    i.fputc             cpp.o
    0x0800a720   0x0800a720   0x0000008c   Code   RO         9207    i.frexp             m_wm.l(frexp.o)
    0x0800a7ac   0x0800a7ac   0x0000004c   Code   RO           16    i.main              main.o
    0x0800a7f8   0x0800a7f8   0x0000002c   Code   RO         6801    i.osKernelInitialize  cmsis_os2.o
    0x0800a824   0x0800a824   0x00000060   Code   RO         6804    i.osKernelStart     cmsis_os2.o
    0x0800a884   0x0800a884   0x000000b8   Code   RO         6846    i.osThreadNew       cmsis_os2.o
    0x0800a93c   0x0800a93c   0x0000007c   Code   RO         6221    i.prvAddCurrentTaskToDelayedList  tasks.o
    0x0800a9b8   0x0800a9b8   0x000000b8   Code   RO         6222    i.prvAddNewTaskToReadyList  tasks.o
    0x0800aa70   0x0800aa70   0x00000074   Code   RO         6597    i.prvCheckForValidListAndQueue  timers.o
    0x0800aae4   0x0800aae4   0x00000048   Code   RO         6223    i.prvCheckTasksWaitingTermination  tasks.o
    0x0800ab2c   0x0800ab2c   0x0000002a   Code   RO         5814    i.prvCopyDataFromQueue  queue.o
    0x0800ab56   0x0800ab56   0x0000007e   Code   RO         5815    i.prvCopyDataToQueue  queue.o
    0x0800abd4   0x0800abd4   0x00000050   Code   RO         6224    i.prvDeleteTCB      tasks.o
    0x0800ac24   0x0800ac24   0x00000028   Code   RO         6598    i.prvGetNextExpireTime  timers.o
    0x0800ac4c   0x0800ac4c   0x0000007c   Code   RO         7314    i.prvHeapInit       heap_4.o
    0x0800acc8   0x0800acc8   0x00000028   Code   RO         6225    i.prvIdleTask       tasks.o
    0x0800acf0   0x0800acf0   0x0000002a   Code   RO         5818    i.prvInitialiseNewQueue  queue.o
    0x0800ad1a   0x0800ad1a   0x000000be   Code   RO         6226    i.prvInitialiseNewTask  tasks.o
    0x0800add8   0x0800add8   0x00000068   Code   RO         6227    i.prvInitialiseTaskLists  tasks.o
    0x0800ae40   0x0800ae40   0x00000068   Code   RO         7315    i.prvInsertBlockIntoFreeList  heap_4.o
    0x0800aea8   0x0800aea8   0x00000058   Code   RO         6600    i.prvInsertTimerInActiveList  timers.o
    0x0800af00   0x0800af00   0x0000001a   Code   RO         5819    i.prvIsQueueEmpty   queue.o
    0x0800af1a   0x0800af1a   0x0000001e   Code   RO         5820    i.prvIsQueueFull    queue.o
    0x0800af38   0x0800af38   0x00000074   Code   RO         6601    i.prvProcessExpiredTimer  timers.o
    0x0800afac   0x0800afac   0x00000164   Code   RO         6602    i.prvProcessReceivedCommands  timers.o
    0x0800b110   0x0800b110   0x00000074   Code   RO         6603    i.prvProcessTimerOrBlockTask  timers.o
    0x0800b184   0x0800b184   0x00000034   Code   RO         6229    i.prvResetNextTaskUnblockTime  tasks.o
    0x0800b1b8   0x0800b1b8   0x0000002c   Code   RO         6604    i.prvSampleTimeNow  timers.o
    0x0800b1e4   0x0800b1e4   0x000000a4   Code   RO         6605    i.prvSwitchTimerLists  timers.o
    0x0800b288   0x0800b288   0x00000040   Code   RO         7370    i.prvTaskExitError  port.o
    0x0800b2c8   0x0800b2c8   0x0000001a   Code   RO         6606    i.prvTimerTask      timers.o
    0x0800b2e2   0x0800b2e2   0x0000007e   Code   RO         5821    i.prvUnlockQueue    queue.o
    0x0800b360   0x0800b360   0x0000014c   Code   RO         7316    i.pvPortMalloc      heap_4.o
    0x0800b4ac   0x0800b4ac   0x0000002c   Code   RO         7371    i.pxPortInitialiseStack  port.o
    0x0800b4d8   0x0800b4d8   0x0000001c   Code   RO         4457    i.timCallback       bsp.o
    0x0800b4f4   0x0800b4f4   0x0000000c   Code   RO         4458    i.uartCallback      bsp.o
    0x0800b500   0x0800b500   0x00000028   Code   RO         5774    i.uxListRemove      list.o
    0x0800b528   0x0800b528   0x00000018   Code   RO         6858    i.vApplicationGetIdleTaskMemory  cmsis_os2.o
    0x0800b540   0x0800b540   0x00000018   Code   RO         6859    i.vApplicationGetTimerTaskMemory  cmsis_os2.o
    0x0800b558   0x0800b558   0x0000001a   Code   RO         5775    i.vListInitialise   list.o
    0x0800b572   0x0800b572   0x00000006   Code   RO         5776    i.vListInitialiseItem  list.o
    0x0800b578   0x0800b578   0x00000034   Code   RO         5777    i.vListInsert       list.o
    0x0800b5ac   0x0800b5ac   0x00000018   Code   RO         5778    i.vListInsertEnd    list.o
    0x0800b5c4   0x0800b5c4   0x00000054   Code   RO         7373    i.vPortEnterCritical  port.o
    0x0800b618   0x0800b618   0x0000003c   Code   RO         7374    i.vPortExitCritical  port.o
    0x0800b654   0x0800b654   0x000000a4   Code   RO         7317    i.vPortFree         heap_4.o
    0x0800b6f8   0x0800b6f8   0x00000028   Code   RO         7375    i.vPortSetupTimerInterrupt  port.o
    0x0800b720   0x0800b720   0x00000078   Code   RO         7376    i.vPortValidateInterruptPriority  port.o
    0x0800b798   0x0800b798   0x0000002c   Code   RO         5827    i.vQueueAddToRegistry  queue.o
    0x0800b7c4   0x0800b7c4   0x0000004a   Code   RO         5831    i.vQueueWaitForMessageRestricted  queue.o
    0x0800b80e   0x0800b80e   0x00000002   PAD
    0x0800b810   0x0800b810   0x000000d4   Code   RO         6243    i.vTaskDelayUntil   tasks.o
    0x0800b8e4   0x0800b8e4   0x00000018   Code   RO         6247    i.vTaskInternalSetTimeOutState  tasks.o
    0x0800b8fc   0x0800b8fc   0x0000000c   Code   RO         6248    i.vTaskMissedYield  tasks.o
    0x0800b908   0x0800b908   0x00000038   Code   RO         6250    i.vTaskPlaceOnEventList  tasks.o
    0x0800b940   0x0800b940   0x00000040   Code   RO         6251    i.vTaskPlaceOnEventListRestricted  tasks.o
    0x0800b980   0x0800b980   0x000000b8   Code   RO         6259    i.vTaskStartScheduler  tasks.o
    0x0800ba38   0x0800ba38   0x00000010   Code   RO         6261    i.vTaskSuspendAll   tasks.o
    0x0800ba48   0x0800ba48   0x00000090   Code   RO         6262    i.vTaskSwitchContext  tasks.o
    0x0800bad8   0x0800bad8   0x00000168   Code   RO         7377    i.xPortStartScheduler  port.o
    0x0800bc40   0x0800bc40   0x00000034   Code   RO         7378    i.xPortSysTickHandler  port.o
    0x0800bc74   0x0800bc74   0x000000e0   Code   RO         5837    i.xQueueGenericCreateStatic  queue.o
    0x0800bd54   0x0800bd54   0x00000098   Code   RO         5838    i.xQueueGenericReset  queue.o
    0x0800bdec   0x0800bdec   0x000001a8   Code   RO         5839    i.xQueueGenericSend  queue.o
    0x0800bf94   0x0800bf94   0x000000fc   Code   RO         5840    i.xQueueGenericSendFromISR  queue.o
    0x0800c090   0x0800c090   0x00000168   Code   RO         5849    i.xQueueReceive     queue.o
    0x0800c1f8   0x0800c1f8   0x0000008c   Code   RO         6264    i.xTaskCheckForTimeOut  tasks.o
    0x0800c284   0x0800c284   0x00000064   Code   RO         6265    i.xTaskCreate       tasks.o
    0x0800c2e8   0x0800c2e8   0x000000ba   Code   RO         6266    i.xTaskCreateStatic  tasks.o
    0x0800c3a2   0x0800c3a2   0x00000002   PAD
    0x0800c3a4   0x0800c3a4   0x00000020   Code   RO         6270    i.xTaskGetSchedulerState  tasks.o
    0x0800c3c4   0x0800c3c4   0x0000000c   Code   RO         6271    i.xTaskGetTickCount  tasks.o
    0x0800c3d0   0x0800c3d0   0x00000144   Code   RO         6273    i.xTaskIncrementTick  tasks.o
    0x0800c514   0x0800c514   0x000000a4   Code   RO         6276    i.xTaskPriorityDisinherit  tasks.o
    0x0800c5b8   0x0800c5b8   0x00000098   Code   RO         6278    i.xTaskRemoveFromEventList  tasks.o
    0x0800c650   0x0800c650   0x00000104   Code   RO         6279    i.xTaskResumeAll    tasks.o
    0x0800c754   0x0800c754   0x00000078   Code   RO         6615    i.xTimerCreateTimerTask  timers.o
    0x0800c7cc   0x0800c7cc   0x00000084   Code   RO         6616    i.xTimerGenericCommand  timers.o
    0x0800c850   0x0800c850   0x0000002c   Code   RO         9081    locale$$code        c_w.l(lc_ctype_c.o)
    0x0800c87c   0x0800c87c   0x0000002c   Code   RO         9145    locale$$code        c_w.l(lc_numeric_c.o)
    0x0800c8a8   0x0800c8a8   0x00000014   Code   RO         8320    t._ZN4__rw12__string_refIcSt11char_traitsIcESaIcEE10_C_inc_refEv  cpp_ws.l(char.o)
    0x0800c8bc   0x0800c8bc   0x00000046   Code   RO         7917    t._ZN4__rw16__rw_facet_makerISt5ctypeIcEE13_C_maker_funcEiPKcj  cpp_ws.l(rwstdexcept.o)
    0x0800c902   0x0800c902   0x00000056   Code   RO         8571    t._ZN4__rw18__rw_locale_vectorIPNS_15__rw_facet_baseEE6resizeEjRKS2_  cpp_ws.l(locale.o)
    0x0800c958   0x0800c958   0x0000000e   Code   RO         8583    t._ZN4__rw18__rw_locale_vectorIPNS_15__rw_facet_baseEED1Ev  cpp_ws.l(locale.o)
    0x0800c966   0x0800c966   0x0000000e   Code   RO         8912    t._ZN4__rw18__rw_locale_vectorIPNS_8__rw_catEED1Ev  cpp_ws.l(rwcats.o)
    0x0800c974   0x0800c974   0x00000014   Code   RO         8586    t._ZN4__rw18__rw_locale_vectorISsED1Ev  cpp_ws.l(locale.o)
    0x0800c988   0x0800c988   0x00000088   Code   RO         8654    t._ZN4__rw18__rw_locale_vectorISt18__rw_open_cat_dataE6resizeEj  cpp_ws.l(messages.o)
    0x0800ca10   0x0800ca10   0x00000014   Code   RO         8660    t._ZN4__rw18__rw_locale_vectorISt18__rw_open_cat_dataED1Ev  cpp_ws.l(messages.o)
    0x0800ca24   0x0800ca24   0x00000018   Code   RO         4642    t._ZNKSt6vectorIP4GPIOSaIS1_EE4sizeEv  bsp_gpio.o
    0x0800ca3c   0x0800ca3c   0x0000000c   Code   RO         4672    t._ZNKSt6vectorIP4GPIOSaIS1_EE8capacityEv  bsp_gpio.o
    0x0800ca48   0x0800ca48   0x00000018   Code   RO         4839    t._ZNKSt6vectorIP8BSP_UARTSaIS1_EE4sizeEv  bsp_uart.o
    0x0800ca60   0x0800ca60   0x0000000c   Code   RO         4869    t._ZNKSt6vectorIP8BSP_UARTSaIS1_EE8capacityEv  bsp_uart.o
    0x0800ca6c   0x0800ca6c   0x00000018   Code   RO         5337    t._ZNKSt6vectorIPFvhjPhjESaIS2_EE4sizeEv  bsp_can.o
    0x0800ca84   0x0800ca84   0x0000000c   Code   RO         5367    t._ZNKSt6vectorIPFvhjPhjESaIS2_EE8capacityEv  bsp_can.o
    0x0800ca90   0x0800ca90   0x00000090   Code   RO         7889    t._ZNKSt8messagesIcE6do_getEiiiRKSs  cpp_ws.l(rwstdexcept.o)
    0x0800cb20   0x0800cb20   0x00000006   Code   RO         7914    t._ZNKSt8messagesIcE7do_openERKSsRKSt6locale  cpp_ws.l(rwstdexcept.o)
    0x0800cb26   0x0800cb26   0x00000014   Code   RO         4678    t._ZNSaIP4GPIOE10deallocateEPS0_j  bsp_gpio.o
    0x0800cb3a   0x0800cb3a   0x00000016   Code   RO         4648    t._ZNSaIP4GPIOE9constructEPS0_RKS0_  bsp_gpio.o
    0x0800cb50   0x0800cb50   0x00000014   Code   RO         4875    t._ZNSaIP8BSP_UARTE10deallocateEPS0_j  bsp_uart.o
    0x0800cb64   0x0800cb64   0x00000016   Code   RO         4845    t._ZNSaIP8BSP_UARTE9constructEPS0_RKS0_  bsp_uart.o
    0x0800cb7a   0x0800cb7a   0x00000014   Code   RO         4178    t._ZNSaIP9PWM_MotorE10deallocateEPS0_j  pwm_motor.o
    0x0800cb8e   0x0800cb8e   0x00000014   Code   RO         5373    t._ZNSaIPFvhjPhjEE10deallocateEPS1_j  bsp_can.o
    0x0800cba2   0x0800cba2   0x00000016   Code   RO         5343    t._ZNSaIPFvhjPhjEE9constructEPS1_RKS1_  bsp_can.o
    0x0800cbb8   0x0800cbb8   0x00000032   Code   RO         8540    t._ZNSs11_C_allocateEjjj  cpp_ws.l(locale.o)
    0x0800cbea   0x0800cbea   0x00000018   Code   RO         8580    t._ZNSs7replaceEjjPKcj  cpp_ws.l(locale.o)
    0x0800cc02   0x0800cc02   0x00000002   PAD
    0x0800cc04   0x0800cc04   0x00000168   Code   RO         8258    t._ZNSs7replaceEjjPKcjjj  cpp_ws.l(char.o)
    0x0800cd6c   0x0800cd6c   0x00000074   Code   RO         8246    t._ZNSs9_C_getRepEjj  cpp_ws.l(char.o)
    0x0800cde0   0x0800cde0   0x00000048   Code   RO         8255    t._ZNSs9_C_unlinkEv  cpp_ws.l(char.o)
    0x0800ce28   0x0800ce28   0x00000038   Code   RO         8543    t._ZNSsC1EPKcRKSaIcE  cpp_ws.l(locale.o)
    0x0800ce60   0x0800ce60   0x00000010   Code   RO         8577    t._ZNSsC1ERKSaIcE   cpp_ws.l(locale.o)
    0x0800ce70   0x0800ce70   0x0000003e   Code   RO         8249    t._ZNSsC1ERKSs      cpp_ws.l(char.o)
    0x0800ceae   0x0800ceae   0x0000000c   Code   RO         8329    t._ZNSsD1Ev         cpp_ws.l(char.o)
    0x0800ceba   0x0800ceba   0x00000002   PAD
    0x0800cebc   0x0800cebc   0x0000004c   Code   RO         8549    t._ZNSsaSEPKc       cpp_ws.l(locale.o)
    0x0800cf08   0x0800cf08   0x0000003e   Code   RO         8546    t._ZNSsaSERKSs      cpp_ws.l(locale.o)
    0x0800cf46   0x0800cf46   0x00000012   Code   RO         4636    t._ZNSt6vectorIP4GPIOSaIS1_EE10_C_destroyEPS1_S4_  bsp_gpio.o
    0x0800cf58   0x0800cf58   0x0000012a   Code   RO         4660    t._ZNSt6vectorIP4GPIOSaIS1_EE13_C_insert_auxEPS1_RKS1_  bsp_gpio.o
    0x0800d082   0x0800d082   0x00000008   Code   RO         4666    t._ZNSt6vectorIP4GPIOSaIS1_EE3endEv  bsp_gpio.o
    0x0800d08a   0x0800d08a   0x00000008   Code   RO         4684    t._ZNSt6vectorIP4GPIOSaIS1_EE5beginEv  bsp_gpio.o
    0x0800d092   0x0800d092   0x00000032   Code   RO         4696    t._ZNSt6vectorIP4GPIOSaIS1_EED1Ev  bsp_gpio.o
    0x0800d0c4   0x0800d0c4   0x00000012   Code   RO         4690    t._ZNSt6vectorIP4GPIOSaIS1_EEixEj  bsp_gpio.o
    0x0800d0d6   0x0800d0d6   0x00000012   Code   RO         4833    t._ZNSt6vectorIP8BSP_UARTSaIS1_EE10_C_destroyEPS1_S4_  bsp_uart.o
    0x0800d0e8   0x0800d0e8   0x0000012a   Code   RO         4857    t._ZNSt6vectorIP8BSP_UARTSaIS1_EE13_C_insert_auxEPS1_RKS1_  bsp_uart.o
    0x0800d212   0x0800d212   0x00000008   Code   RO         4863    t._ZNSt6vectorIP8BSP_UARTSaIS1_EE3endEv  bsp_uart.o
    0x0800d21a   0x0800d21a   0x00000008   Code   RO         4881    t._ZNSt6vectorIP8BSP_UARTSaIS1_EE5beginEv  bsp_uart.o
    0x0800d222   0x0800d222   0x00000032   Code   RO         4893    t._ZNSt6vectorIP8BSP_UARTSaIS1_EED1Ev  bsp_uart.o
    0x0800d254   0x0800d254   0x00000012   Code   RO         4887    t._ZNSt6vectorIP8BSP_UARTSaIS1_EEixEj  bsp_uart.o
    0x0800d266   0x0800d266   0x00000012   Code   RO         4136    t._ZNSt6vectorIP9PWM_MotorSaIS1_EE10_C_destroyEPS1_S4_  pwm_motor.o
    0x0800d278   0x0800d278   0x00000008   Code   RO         4166    t._ZNSt6vectorIP9PWM_MotorSaIS1_EE3endEv  pwm_motor.o
    0x0800d280   0x0800d280   0x00000008   Code   RO         4184    t._ZNSt6vectorIP9PWM_MotorSaIS1_EE5beginEv  pwm_motor.o
    0x0800d288   0x0800d288   0x00000032   Code   RO         4196    t._ZNSt6vectorIP9PWM_MotorSaIS1_EED1Ev  pwm_motor.o
    0x0800d2ba   0x0800d2ba   0x00000012   Code   RO         5331    t._ZNSt6vectorIPFvhjPhjESaIS2_EE10_C_destroyEPS2_S5_  bsp_can.o
    0x0800d2cc   0x0800d2cc   0x0000012a   Code   RO         5355    t._ZNSt6vectorIPFvhjPhjESaIS2_EE13_C_insert_auxEPS2_RKS2_  bsp_can.o
    0x0800d3f6   0x0800d3f6   0x00000008   Code   RO         5361    t._ZNSt6vectorIPFvhjPhjESaIS2_EE3endEv  bsp_can.o
    0x0800d3fe   0x0800d3fe   0x00000008   Code   RO         5379    t._ZNSt6vectorIPFvhjPhjESaIS2_EE5beginEv  bsp_can.o
    0x0800d406   0x0800d406   0x0000002c   Code   RO         4654    t._ZSt18uninitialized_copyIPP4GPIOS2_SaIS1_EET0_T_S5_S4_RT1_  bsp_gpio.o
    0x0800d432   0x0800d432   0x0000002c   Code   RO         4851    t._ZSt18uninitialized_copyIPP8BSP_UARTS2_SaIS1_EET0_T_S5_S4_RT1_  bsp_uart.o
    0x0800d45e   0x0800d45e   0x0000002c   Code   RO         5349    t._ZSt18uninitialized_copyIPPFvhjPhjES3_SaIS2_EET0_T_S6_S5_RT1_  bsp_can.o
    0x0800d48a   0x0800d48a   0x0000000c   Code   RO         8323    t._ZSt3maxIjERKT_S2_S2_  cpp_ws.l(char.o)
    0x0800d496   0x0800d496   0x00000002   PAD
    0x0800d498   0x0800d498   0x00000062   Code   RO         9203    x$fpl$d2f           fz_wm.l(d2f.o)
    0x0800d4fa   0x0800d4fa   0x00000002   PAD
    0x0800d4fc   0x0800d4fc   0x00000010   Code   RO         9256    x$fpl$dcheck1       fz_wm.l(dcheck1.o)
    0x0800d50c   0x0800d50c   0x00000018   Code   RO         8744    x$fpl$dcmpinf       fz_wm.l(dcmpi.o)
    0x0800d524   0x0800d524   0x00000078   Code   RO         9102    x$fpl$deqf          fz_wm.l(deqf.o)
    0x0800d59c   0x0800d59c   0x00000078   Code   RO         8098    x$fpl$dleqf         fz_wm.l(dleqf.o)
    0x0800d614   0x0800d614   0x00000154   Code   RO         9213    x$fpl$dmul          fz_wm.l(dmul.o)
    0x0800d768   0x0800d768   0x0000009c   Code   RO         8746    x$fpl$dnaninf       fz_wm.l(dnaninf.o)
    0x0800d804   0x0800d804   0x0000000c   Code   RO         8100    x$fpl$dretinf       fz_wm.l(dretinf.o)
    0x0800d810   0x0800d810   0x0000006c   Code   RO         7726    x$fpl$drleqf        fz_wm.l(drleqf.o)
    0x0800d87c   0x0800d87c   0x00000056   Code   RO         7728    x$fpl$f2d           fz_wm.l(f2d.o)
    0x0800d8d2   0x0800d8d2   0x0000008c   Code   RO         8102    x$fpl$fnaninf       fz_wm.l(fnaninf.o)
    0x0800d95e   0x0800d95e   0x0000000a   Code   RO         8748    x$fpl$fpinit        fz_wm.l(fpinit.o)
    0x0800d968   0x0800d968   0x0000000a   Code   RO         9215    x$fpl$fretinf       fz_wm.l(fretinf.o)
    0x0800d972   0x0800d972   0x00000006   Code   RO         9159    x$fpl$ieeestatus    fz_wm.l(istatus.o)
    0x0800d978   0x0800d978   0x00000004   Code   RO         9017    x$fpl$printf1       fz_wm.l(printf1.o)
    0x0800d97c   0x0800d97c   0x00000004   Code   RO         9019    x$fpl$printf2       fz_wm.l(printf2.o)
    0x0800d980   0x0800d980   0x00000064   Code   RO         9262    x$fpl$retnan        fz_wm.l(retnan.o)
    0x0800d9e4   0x0800d9e4   0x0000005c   Code   RO         9233    x$fpl$scalbn        fz_wm.l(scalbn.o)
    0x0800da40   0x0800da40   0x00000004   Code   RO         9025    x$fpl$scanf1        fz_wm.l(scanf1.o)
    0x0800da44   0x0800da44   0x00000008   Code   RO         9161    x$fpl$scanf2        fz_wm.l(scanf2.o)
    0x0800da4c   0x0800da4c   0x00000030   Code   RO         9264    x$fpl$trapveneer    fz_wm.l(trapv.o)
    0x0800da7c   0x0800da7c   0x00000000   Code   RO         8104    x$fpl$usenofp       fz_wm.l(usenofp.o)
    0x0800da7c   0x0800da7c   0x0000006c   Data   RO          256    .constdata          freertos.o
    0x0800dae8   0x0800dae8   0x00000008   Data   RO         1647    .constdata          stm32f4xx_hal_dma.o
    0x0800daf0   0x0800daf0   0x00000018   Data   RO         3855    .constdata          system_stm32f4xx.o
    0x0800db08   0x0800db08   0x0000000c   Data   RO         5470    .constdata          can_motor.o
    0x0800db14   0x0800db14   0x00000011   Data   RO         7534    .constdata          c_w.l(__printf_flags_ss_wp.o)
    0x0800db25   0x0800db25   0x00000003   PAD
    0x0800db28   0x0800db28   0x0000005c   Data   RO         7864    .constdata          cpp_ws.l(rwstdexcept.o)
    0x0800db84   0x0800db84   0x00000200   Data   RO         8225    .constdata          cpp_ws.l(char.o)
    0x0800dd84   0x0800dd84   0x00000008   Data   RO         8779    .constdata          c_w.l(_printf_wctomb.o)
    0x0800dd8c   0x0800dd8c   0x00000028   Data   RO         8808    .constdata          c_w.l(_printf_hex_int_ll_ptr.o)
    0x0800ddb4   0x0800ddb4   0x00000026   Data   RO         9056    .constdata          c_w.l(_printf_fp_hex.o)
    0x0800ddda   0x0800ddda   0x00000002   PAD
    0x0800dddc   0x0800dddc   0x00000094   Data   RO         9116    .constdata          c_w.l(bigflt0.o)
    0x0800de70   0x0800de70   0x00000014   Data   RO         7940    .constdata__ZTVNSt6locale5facetE  cpp_ws.l(rwstdexcept.o)
    0x0800de84   0x0800de84   0x00000034   Data   RO         8407    .constdata__ZTVSt12ctype_bynameIcE  cpp_ws.l(char.o)
    0x0800deb8   0x0800deb8   0x00000014   Data   RO         7942    .constdata__ZTVSt14__rw_exception  cpp_ws.l(rwstdexcept.o)
    0x0800decc   0x0800decc   0x00000034   Data   RO         8236    .constdata__ZTVSt5ctypeIcE  cpp_ws.l(char.o)
    0x0800df00   0x0800df00   0x00000020   Data   RO         7877    .constdata__ZTVSt8messagesIcE  cpp_ws.l(rwstdexcept.o)
    0x0800df20   0x0800df20   0x00000014   Data   RO         8709    .constdata__ZTVSt9exception  cpprt_w.l(exception_dtor.o)
    0x0800df34   0x0800df34   0x00000001   Data   RO         8537    .constdata__ZZNK4__rw15__rw_locale_imp16_C_category_nameEiEs  cpp_ws.l(locale.o)
    0x0800df35   0x0800df35   0x00000001   Data   RO         8244    .constdata__ZZNSs7replaceEjjPKcjjjEs  cpp_ws.l(char.o)
    0x0800df36   0x0800df36   0x00000001   Data   RO         8245    .constdata__ZZNSs9_C_getRepEjjEs  cpp_ws.l(char.o)
    0x0800df37   0x0800df37   0x00000002   Data   RO         7878    .constdata__ZZNSt8messagesIcEC1EjEs  cpp_ws.l(rwstdexcept.o)
    0x0800df39   0x0800df39   0x00000003   PAD
    0x0800df3c   0x0800df3c   0x0000001c   Data   RO          257    .conststring        freertos.o
    0x0800df58   0x0800df58   0x00000272   Data   RO         7865    .conststring        cpp_ws.l(rwstdexcept.o)
    0x0800e1ca   0x0800e1ca   0x00000002   PAD
    0x0800e1cc   0x0800e1cc   0x00000020   Data   RO         9266    Region$$Table       anon$$obj.o
    0x0800e1ec   0x0800e1ec   0x00000008   Data   RO         9155    c$$dinf             fz_wm.l(fpconst.o)
    0x0800e1f4   0x0800e1f4   0x00000008   Data   RO         9158    c$$dmax             fz_wm.l(fpconst.o)
    0x0800e1fc   0x0800e1fc   0x00000110   Data   RO         9080    locale$$data        c_w.l(lc_ctype_c.o)
    0x0800e30c   0x0800e30c   0x00000010   Data   RO         9140    locale$$data        c_w.l(null_locale.o)
    0x0800e31c   0x0800e31c   0x0000001c   Data   RO         9144    locale$$data        c_w.l(lc_numeric_c.o)
    0x0800e338   0x0800e338   0x00000004   Data   RO         3898    .init_array         hal.o
    0x0800e33c   0x0800e338   0x00000004   Data   RO         4096    .init_array         pwm_motor.o
    0x0800e340   0x0800e338   0x00000004   Data   RO         4468    .init_array         bsp.o
    0x0800e344   0x0800e338   0x00000004   Data   RO         4564    .init_array         bsp_gpio.o
    0x0800e348   0x0800e338   0x00000004   Data   RO         4781    .init_array         bsp_uart.o
    0x0800e34c   0x0800e338   0x00000004   Data   RO         5050    .init_array         sbus.o
    0x0800e350   0x0800e338   0x00000004   Data   RO         5269    .init_array         bsp_can.o
    0x0800e354   0x0800e338   0x00000000   Data   RO         7561    .init_array         c_w.l(init_aeabi.o)
    0x0800e354   0x0800e338   0x00000004   Data   RO         8227    .init_array         cpp_ws.l(char.o)
    0x0800e358   0x0800e338   0x00000004   Data   RO         8520    .init_array         cpp_ws.l(locale.o)
    0x0800e35c   0x0800e338   0x00000004   Data   RO         8906    .init_array         cpp_ws.l(rwcats.o)


    Execution Region RW_IRAM2 (Exec base: 0x10000000, Load base: 0x0800e38c, Size: 0x00000000, Max: 0x00010000, ABSOLUTE)

    **** No section assigned to this execution region ****


    Execution Region RW_IRAM1 (Exec base: 0x20000000, Load base: 0x0800e360, Size: 0x0000b488, Max: 0x00030000, ABSOLUTE, COMPRESSED[0x0000002c])

    Exec Addr    Load Addr    Size         Type   Attr      Idx    E Section Name        Object

    0x20000000   COMPRESSED   0x0000000c   Data   RW          258    .data               freertos.o
    0x2000000c   COMPRESSED   0x00000004   Data   RW          318    .data               can.o
    0x20000010   COMPRESSED   0x00000008   Data   RW          365    .data               crc.o
    0x20000018   COMPRESSED   0x00000009   Data   RW         2099    .data               stm32f4xx_hal.o
    0x20000021   COMPRESSED   0x00000003   PAD
    0x20000024   COMPRESSED   0x00000004   Data   RW         3856    .data               system_stm32f4xx.o
    0x20000028   COMPRESSED   0x00000014   Data   RW         4407    .data               app.o
    0x2000003c   COMPRESSED   0x00000020   Data   RW         4467    .data               bsp.o
    0x2000005c   COMPRESSED   0x0000000c   Data   RW         5202    .data               cpp.o
    0x20000068   COMPRESSED   0x00000008   Data   RW         5471    .data               can_motor.o
    0x20000070   COMPRESSED   0x0000003c   Data   RW         6282    .data               tasks.o
    0x200000ac   COMPRESSED   0x00000014   Data   RW         6624    .data               timers.o
    0x200000c0   COMPRESSED   0x00000004   Data   RW         6861    .data               cmsis_os2.o
    0x200000c4   COMPRESSED   0x00000020   Data   RW         7323    .data               heap_4.o
    0x200000e4   COMPRESSED   0x0000000c   Data   RW         7379    .data               port.o
    0x200000f0   COMPRESSED   0x00000017   Data   RW         7866    .data               cpp_ws.l(rwstdexcept.o)
    0x20000107   COMPRESSED   0x00000001   PAD
    0x20000108   COMPRESSED   0x00000008   Data   RW         8226    .data               cpp_ws.l(char.o)
    0x20000110   COMPRESSED   0x0000001c   Data   RW         8519    .data               cpp_ws.l(locale.o)
    0x2000012c   COMPRESSED   0x00000004   Data   RW         8678    .data               cpp_ws.l(rwthrowproc_noex.o)
    0x20000130   COMPRESSED   0x00000008   Data   RW         8905    .data               cpp_ws.l(rwcats.o)
    0x20000138   COMPRESSED   0x00000004   Data   RW         8620    .data__ZZNKSt6locale2id7_C_initEvE9_C_id_gen  cpp_ws.l(locale.o)
    0x2000013c   COMPRESSED   0x0000000c   Data   RW         8676    .data__ZZSt13__rw_get_catsvE11__open_cats  cpp_ws.l(messages.o)
    0x20000148        -       0x00000050   Zero   RW          317    .bss                can.o
    0x20000198        -       0x00000010   Zero   RW          431    .bss                rng.o
    0x200001a8        -       0x00000120   Zero   RW          479    .bss                tim.o
    0x200002c8        -       0x000002ac   Zero   RW          553    .bss                usart.o
    0x20000574        -       0x00000048   Zero   RW          801    .bss                stm32f4xx_hal_timebase_tim.o
    0x200005bc        -       0x00000238   Zero   RW         3896    .bss                hal.o
    0x200007f4        -       0x0000000c   Zero   RW         4095    .bss                pwm_motor.o
    0x20000800        -       0x000000d8   Zero   RW         4466    .bss                bsp.o
    0x200008d8        -       0x0000000c   Zero   RW         4563    .bss                bsp_gpio.o
    0x200008e4        -       0x0000000c   Zero   RW         4780    .bss                bsp_uart.o
    0x200008f0        -       0x00000068   Zero   RW         5049    .bss                sbus.o
    0x20000958        -       0x00000110   Zero   RW         5268    .bss                bsp_can.o
    0x20000a68        -       0x00000090   Zero   RW         5469    .bss                can_motor.o
    0x20000af8        -       0x00000040   Zero   RW         5853    .bss                queue.o
    0x20000b38        -       0x000004c4   Zero   RW         6281    .bss                tasks.o
    0x20000ffc        -       0x00000118   Zero   RW         6623    .bss                timers.o
    0x20001114        -       0x000006b8   Zero   RW         6860    .bss                cmsis_os2.o
    0x200017cc        -       0x00003c00   Zero   RW         7322    .bss                heap_4.o
    0x200053cc   COMPRESSED   0x00000004   PAD
    0x200053d0        -       0x00000018   Zero   RW         7863    .bss                cpp_ws.l(rwstdexcept.o)
    0x200053e8        -       0x00000060   Zero   RW         8110    .bss                c_w.l(libspace.o)
    0x20005448        -       0x0000002a   Zero   RW         8848    .bss                c_w.l(locale.o)
    0x20005472   COMPRESSED   0x00000002   PAD
    0x20005474        -       0x00000010   Zero   RW         8979    .bss__ZNSs9__nullrefE  cpp_ws.l(vendor.o)
    0x20005484   COMPRESSED   0x00000004   PAD
    0x20005488        -       0x00002000   Zero   RW            2    HEAP                startup_stm32f427xx.o
    0x20007488        -       0x00004000   Zero   RW            1    STACK               startup_stm32f427xx.o


==============================================================================

Image component sizes


      Code (inc. data)   RO Data    RW Data    ZI Data      Debug   Object Name

       622         80          0         20          0       1603   app.o
       648        230          4         32        216       4481   bsp.o
      1408         70          4          0        272      21404   bsp_can.o
       768         24          4          0         12      18672   bsp_gpio.o
       844         26          4          0         12      18928   bsp_uart.o
       524         42          0          4         80       2394   can.o
      1380         74         12          8        144      11303   can_motor.o
       154          0          0          0          0       4323   circular_queue.o
       400         38          0          4       1720      64081   cmsis_os2.o
        74         26          0         12          0       3235   cpp.o
        84         18          0          8          0       1443   crc.o
       152          6          0          0          0        810   dma.o
         0          0          0          0          0      17924   event_groups.o
       168         38        136         12          0       3129   freertos.o
       572         26          0          0          0       1299   gpio.o
       296         88          4          0        568     686290   hal.o
       724         74          0         32      15360       4795   heap_4.o
       148          0          0          0          0       3494   list.o
       290         14          0          0          0     767132   main.o
       354          0          0          0          0       2766   pid.o
      1014         92          0         12          0      11545   port.o
       156         14          4          0         12       9113   pwm_motor.o
      1922         20          0          0         64      17204   queue.o
        84         18          0          0         16       1443   rng.o
       430         16          4          0        104       3345   sbus.o
       350         16          0          0          0       3232   servo.o
        64         26        428          0      24576        832   startup_stm32f427xx.o
       320          6          0          0          0       3160   step_motor.o
        96         20          0          9          0       8154   stm32f4xx_hal.o
      2272          6          0          0          0      14962   stm32f4xx_hal_can.o
       252         22          0          0          0      33606   stm32f4xx_hal_cortex.o
        32          0          0          0          0       1011   stm32f4xx_hal_crc.o
      1548         16          8          0          0       7663   stm32f4xx_hal_dma.o
       570         58          0          0          0       3272   stm32f4xx_hal_gpio.o
        84          6          0          0          0        834   stm32f4xx_hal_msp.o
      1888         94          0          0          0       6173   stm32f4xx_hal_rcc.o
        52          0          0          0          0       1043   stm32f4xx_hal_rng.o
      2390        142          0          0          0      15570   stm32f4xx_hal_tim.o
       184         30          0          0          0       2445   stm32f4xx_hal_tim_ex.o
       140         18          0          0         72       1432   stm32f4xx_hal_timebase_tim.o
      2658         26          0          0          0      15197   stm32f4xx_hal_uart.o
       332         88          0          0          0      12040   stm32f4xx_it.o
        20          6         24          4          0       1091   system_stm32f4xx.o
      2928        348          0         60       1220      27503   tasks.o
      1032         78          0          0        288       5047   tim.o
      1318        124          0         20        280      32623   timers.o
       928         90          0          0        684       3435   usart.o
        56          0          0          0          0       2300   ustimer.o

    ----------------------------------------------------------------------
     32760       2254        668        240      45704    1884781   Object Totals
         0          0         32          0          0          0   (incl. Generated)
        30          0          0          3          4          0   (incl. Padding)

    ----------------------------------------------------------------------

      Code (inc. data)   RO Data    RW Data    ZI Data      Debug   Library Member Name

        24          4          0          0          0         84   __2printf.o
        58          0          0          0          0          0   __dczerorl.o
         8          0          0          0          0         68   __main.o
       392          4         17          0          0         92   __printf_flags_ss_wp.o
        14          0          0          0          0         68   __printf_wp.o
         0          0          0          0          0          0   __rtentry.o
        12          0          0          0          0          0   __rtentry2.o
         6          0          0          0          0          0   __rtentry4.o
        52          8          0          0          0          0   __scatter.o
        28          0          0          0          0          0   __scatter_zi.o
        28          0          0          0          0         68   _chval.o
        60          0          0          0          0         92   _mbrtowc.o
         6          0          0          0          0          0   _printf_a.o
         6          0          0          0          0          0   _printf_c.o
        44          0          0          0          0        108   _printf_char.o
        48          6          0          0          0         96   _printf_char_common.o
        36          4          0          0          0         80   _printf_char_file.o
        40          0          0          0          0         68   _printf_charcount.o
         6          0          0          0          0          0   _printf_d.o
       120         16          0          0          0         92   _printf_dec.o
         6          0          0          0          0          0   _printf_e.o
         6          0          0          0          0          0   _printf_f.o
      1054          0          0          0          0        216   _printf_fp_dec.o
       764          8         38          0          0        100   _printf_fp_hex.o
       128         16          0          0          0         84   _printf_fp_infnan.o
         6          0          0          0          0          0   _printf_g.o
       148          4         40          0          0        160   _printf_hex_int_ll_ptr.o
         6          0          0          0          0          0   _printf_i.o
       178          0          0          0          0         88   _printf_intcommon.o
        10          0          0          0          0          0   _printf_l.o
         6          0          0          0          0          0   _printf_lc.o
        10          0          0          0          0          0   _printf_ll.o
         6          0          0          0          0          0   _printf_lld.o
         6          0          0          0          0          0   _printf_lli.o
         6          0          0          0          0          0   _printf_llo.o
         6          0          0          0          0          0   _printf_llu.o
         6          0          0          0          0          0   _printf_llx.o
       124         16          0          0          0         92   _printf_longlong_dec.o
         6          0          0          0          0          0   _printf_ls.o
         6          0          0          0          0          0   _printf_n.o
         6          0          0          0          0          0   _printf_o.o
       112         10          0          0          0        124   _printf_oct_int_ll.o
         6          0          0          0          0          0   _printf_p.o
        78          0          0          0          0        108   _printf_pad.o
         0          0          0          0          0          0   _printf_percent.o
         4          0          0          0          0          0   _printf_percent_end.o
         6          0          0          0          0          0   _printf_s.o
        82          0          0          0          0         80   _printf_str.o
        36          0          0          0          0         84   _printf_truncate.o
         6          0          0          0          0          0   _printf_u.o
        44          0          0          0          0        108   _printf_wchar.o
       188          6          8          0          0         92   _printf_wctomb.o
         6          0          0          0          0          0   _printf_x.o
        22          0          0          0          0        100   _rserrno.o
       884          4          0          0          0        100   _scanf.o
       332          0          0          0          0         96   _scanf_int.o
       342          0          0          0          0        100   _scanf_longlong.o
       276          0          0          0          0        100   _scanf_mbtowc.o
       224          0          0          0          0         96   _scanf_str.o
        30          0          0          0          0         76   _scanf_wcharmap.o
       232          0          0          0          0        100   _scanf_wctomb.o
       208          0          0          0          0         96   _scanf_wstr.o
        64          0          0          0          0         84   _sgetc.o
        16          0          0          0          0         68   _snputc.o
        10          0          0          0          0         68   _sputc.o
        64          0          0          0          0         92   _wcrtomb.o
        22          0          0          0          0         80   abort.o
        46          0          0          0          0         84   aeabi_atexit.o
        16          0          0          0          0         68   aeabi_memset.o
       228          4        148          0          0         96   bigflt0.o
      2152        136          0          0          0        960   btod.o
        66          0          0          0          0         84   cxa_finalize.o
        48         34          0          0          0         76   defsig_abrt_inner.o
        14          0          0          0          0         80   defsig_abrt_outer.o
        10          0          0          0          0         68   defsig_exit.o
        50          0          0          0          0         88   defsig_general.o
        80         58          0          0          0         76   defsig_rtmem_inner.o
        14          0          0          0          0         80   defsig_rtmem_outer.o
        18          0          0          0          0         80   exit.o
         8          0          0          0          0         68   ferror.o
        20          0          0          0          0         84   fprintf.o
        94          0          0          0          0         80   h1_alloc.o
        52          0          0          0          0         68   h1_extend.o
        78          0          0          0          0         80   h1_free.o
        14          0          0          0          0         84   h1_init.o
         6          0          0          0          0        152   heapauxi.o
         4          0          0          0          0        136   hguard.o
        36         10          0          0          0         80   init_aeabi.o
       138          0          0          0          0        168   init_alloc.o
        18          0          0          0          0         76   isspace.o
        44         10        272          0          0         76   lc_ctype_c.o
        44         10         28          0          0         76   lc_numeric_c.o
         2          0          0          0          0          0   libinit.o
        46          0          0          0          0          0   libinit2.o
         2          0          0          0          0          0   libshutdown.o
         8          0          0          0          0          0   libshutdown2.o
         8          4          0          0         96         68   libspace.o
        38          0          0          0          0         68   llshl.o
       138          0          0          0          0         80   lludiv10.o
       238          0          0          0          0        100   lludivv7m.o
        16          6          0          0         42         68   locale.o
       440          8          0          0          0        180   locale_r.o
         0          0          0          0          0          0   maybetermalloc1.o
         8          0          0          0          0         76   memcpy.o
         0          0         16          0          0          0   null_locale.o
        16          4          0          0          0         76   rt_ctype_table.o
         8          4          0          0          0         68   rt_ddtor_pointer_addr_intlibspace.o
         8          4          0          0          0         68   rt_eh_globals_addr_intlibspace.o
         8          4          0          0          0         68   rt_errno_addr_intlibspace.o
         8          4          0          0          0         68   rt_heap_descriptor_intlibspace.o
         8          4          0          0          0         68   rt_locale_intlibspace.o
        68          0          0          0          0         68   rt_memclr.o
        78          0          0          0          0         80   rt_memclr_w.o
       138          0          0          0          0         68   rt_memcpy_v6.o
       100          0          0          0          0         80   rt_memcpy_w.o
       132          0          0          0          0         68   rt_memmove_v6.o
       122          0          0          0          0         80   rt_memmove_w.o
         8          4          0          0          0         68   rt_new_handler_addr_intlibspace.o
         2          0          0          0          0          0   rtexit.o
        10          0          0          0          0          0   rtexit2.o
        44          8          0          0          0         84   scanf_char.o
      1272         16          0          0          0        168   scanf_fp.o
       800         14          0          0          0        100   scanf_hexfp.o
       308         16          0          0          0        100   scanf_infnan.o
        60          8          0          0          0         84   sscanf.o
        24          0          0          0          0         68   strcat.o
       128          0          0          0          0         68   strcmpv7m.o
        72          0          0          0          0         80   strcpy.o
        62          0          0          0          0         76   strlen.o
        22          0          0          0          0         68   strrchr.o
        74          0          0          0          0         80   sys_stackheap_outer.o
         2          0          0          0          0         68   use_no_semi.o
         2          0          0          0          0         68   use_no_semi_2.o
        52          4          0          0          0         80   vsnprintf.o
      1824         74        622          8          0       1552   char.o
      1502         80          5         32          0       1760   locale.o
       482         34          0         12          0        784   messages.o
        36          0          0          0          0        144   rwalloc.o
       184         24          4          8          0        400   rwcats.o
      1000         68        792         23         24       1220   rwstdexcept.o
       152         94          0          0          0         72   rwthrowproc_impl_noex.o
         0          0          0          4          0          0   rwthrowproc_noex.o
         0          0          0          0         16          0   vendor.o
        28          0          0          0          0         84   ARM_vec_cleanup_noexceptions.o
        36          0          0          0          0         84   aeabi_vec_ctor_nocookie_nodtor.o
        14          0          0          0          0         80   aeabi_vec_delete_noexceptions.o
        16          0          0          0          0         68   aeabi_vec_dtor_cookie.o
        34          0          0          0          0         84   aeabi_vec_dtor_noexceptions.o
        20          0          0          0          0         80   aeabi_vec_new_cookie.o
        80         12          0          0          0        104   arm_exceptions_globs.o
        60          0          0          0          0        108   arm_exceptions_mem.o
        26          0          0          0          0         76   arm_exceptions_terminate.o
         4          0          0          0          0         68   arm_newhandler_noexceptions.o
         2          0          0          0          0         68   arm_rethrow_noexceptions.o
         8          0          0          0          0         76   array_del.o
         8          0          0          0          0         76   array_new.o
       146          0          0          0          0         96   array_new_general.o
        16          0          0          0          0         68   cxa_guard_acquire.o
        24          6          0          0          0         84   cxa_vec_new.o
         8          0          0          0          0         76   delete.o
        12          6          0          0          0         68   exception_ctor.o
         0          0         20          0          0          0   exception_dtor.o
        40          6          0          0          0         76   new.o
        98          4          0          0          0        140   d2f.o
        16          4          0          0          0        116   dcheck1.o
        24          0          0          0          0        116   dcmpi.o
       120          4          0          0          0        140   deqf.o
       120          4          0          0          0        140   dleqf.o
       340         12          0          0          0        152   dmul.o
       156          4          0          0          0        140   dnaninf.o
        12          0          0          0          0        116   dretinf.o
       108          0          0          0          0        128   drleqf.o
        86          4          0          0          0        132   f2d.o
       140          4          0          0          0        132   fnaninf.o
         0          0         16          0          0          0   fpconst.o
        10          0          0          0          0        116   fpinit.o
        10          0          0          0          0        116   fretinf.o
         6          0          0          0          0        116   istatus.o
         4          0          0          0          0        116   printf1.o
         4          0          0          0          0        116   printf2.o
       100          0          0          0          0        116   retnan.o
        92          0          0          0          0        116   scalbn.o
         4          0          0          0          0        116   scanf1.o
         8          0          0          0          0        132   scanf2.o
        48          0          0          0          0        116   trapv.o
         0          0          0          0          0          0   usenofp.o
        64         16          0          0          0        248   dunder.o
        20          0          0          0          0        124   fabs.o
        48          0          0          0          0        124   fpclassify.o
       140         22          0          0          0        132   frexp.o
       228          8          0          0          0        308   ldexp.o
       266         16          0          0          0        308   narrow.o

    ----------------------------------------------------------------------
     22744        988       2036         88        184      20664   Library Totals
        56          2         10          1          6          0   (incl. Padding)

    ----------------------------------------------------------------------

      Code (inc. data)   RO Data    RW Data    ZI Data      Debug   Library Name

     14654        480        567          0        138       9336   c_w.l
      5180        374       1423         87         40       5932   cpp_ws.l
       582         30         20          0          0       1524   cpprt_w.l
      1506         40         16          0          0       2628   fz_wm.l
       766         62          0          0          0       1244   m_wm.l

    ----------------------------------------------------------------------
     22744        988       2036         88        184      20664   Library Totals

    ----------------------------------------------------------------------

==============================================================================


      Code (inc. data)   RO Data    RW Data    ZI Data      Debug   

     55504       3242       2704        328      45888    1860149   Grand Totals
     55504       3242       2704         44      45888    1860149   ELF Image Totals (compressed)
     55504       3242       2704         44          0          0   ROM Totals

==============================================================================

    Total RO  Size (Code + RO Data)                58208 (  56.84kB)
    Total RW  Size (RW Data + ZI Data)             46216 (  45.13kB)
    Total ROM Size (Code + RO Data + RW Data)      58252 (  56.89kB)

==============================================================================

